Archive member included because of file (symbol)

c:/program files (x86)/gnu tools arm embedded/4.8 2014q2/bin/../lib/gcc/arm-none-eabi/4.8.4/armv7e-m\libgcc.a(_arm_addsubdf3.o)
                              ..\obj\tm_stm32f4_pwm.o (__aeabi_ui2d)
c:/program files (x86)/gnu tools arm embedded/4.8 2014q2/bin/../lib/gcc/arm-none-eabi/4.8.4/armv7e-m\libgcc.a(_arm_muldivdf3.o)
                              ..\obj\tm_stm32f4_pwm.o (__aeabi_ddiv)
c:/program files (x86)/gnu tools arm embedded/4.8 2014q2/bin/../lib/gcc/arm-none-eabi/4.8.4/armv7e-m\libgcc.a(_arm_cmpdf2.o)
                              ..\obj\tm_stm32f4_pwm.o (__aeabi_dcmpeq)
c:/program files (x86)/gnu tools arm embedded/4.8 2014q2/bin/../lib/gcc/arm-none-eabi/4.8.4/armv7e-m\libgcc.a(_arm_fixunsdfsi.o)
                              ..\obj\tm_stm32f4_pwm.o (__aeabi_d2uiz)
c:/program files (x86)/gnu tools arm embedded/4.8 2014q2/bin/../lib/gcc/arm-none-eabi/4.8.4/armv7e-m\libgcc.a(_arm_addsubsf3.o)
                              ..\obj\tm_stm32f4_servo.o (__aeabi_fadd)
c:/program files (x86)/gnu tools arm embedded/4.8 2014q2/bin/../lib/gcc/arm-none-eabi/4.8.4/armv7e-m\libgcc.a(_arm_muldivsf3.o)
                              ..\obj\tm_stm32f4_servo.o (__aeabi_fmul)
c:/program files (x86)/gnu tools arm embedded/4.8 2014q2/bin/../lib/gcc/arm-none-eabi/4.8.4/armv7e-m\libgcc.a(_arm_cmpsf2.o)
                              ..\obj\tm_stm32f4_servo.o (__aeabi_fcmplt)
c:/program files (x86)/gnu tools arm embedded/4.8 2014q2/bin/../lib/gcc/arm-none-eabi/4.8.4/armv7e-m\libgcc.a(_arm_fixunssfsi.o)
                              ..\obj\tm_stm32f4_servo.o (__aeabi_f2uiz)

Allocating common symbols
Common symbol       size              file

tank_speed          0x4               ..\obj\main.o
Servo1              0x18              ..\obj\infra_path.o
TM_USART_Buffer     0x100             ..\obj\tm_stm32f4_usart.o
c                   0x1               ..\obj\main.o
str                 0x28              ..\obj\main.o
Servo2              0x18              ..\obj\infra_path.o
TIM3_Data           0x10              ..\obj\main.o

Discarded input sections

 .text          0x00000000        0x0 ..\obj\tm_stm32f4_servo.o
 .data          0x00000000        0x0 ..\obj\tm_stm32f4_servo.o
 .bss           0x00000000        0x0 ..\obj\tm_stm32f4_servo.o
 .text.TM_SERVO_SetMicros
                0x00000000       0x3c ..\obj\tm_stm32f4_servo.o
 .text          0x00000000        0x0 ..\obj\stm32f4xx_usart.o
 .data          0x00000000        0x0 ..\obj\stm32f4xx_usart.o
 .bss           0x00000000        0x0 ..\obj\stm32f4xx_usart.o
 .text.USART_DeInit
                0x00000000       0xd0 ..\obj\stm32f4xx_usart.o
 .text.USART_StructInit
                0x00000000       0x38 ..\obj\stm32f4xx_usart.o
 .text.USART_ClockInit
                0x00000000       0x54 ..\obj\stm32f4xx_usart.o
 .text.USART_ClockStructInit
                0x00000000       0x2c ..\obj\stm32f4xx_usart.o
 .text.USART_SetPrescaler
                0x00000000       0x38 ..\obj\stm32f4xx_usart.o
 .text.USART_OverSampling8Cmd
                0x00000000       0x44 ..\obj\stm32f4xx_usart.o
 .text.USART_OneBitMethodCmd
                0x00000000       0x40 ..\obj\stm32f4xx_usart.o
 .text.USART_ReceiveData
                0x00000000       0x20 ..\obj\stm32f4xx_usart.o
 .text.USART_SetAddress
                0x00000000       0x38 ..\obj\stm32f4xx_usart.o
 .text.USART_ReceiverWakeUpCmd
                0x00000000       0x40 ..\obj\stm32f4xx_usart.o
 .text.USART_WakeUpConfig
                0x00000000       0x38 ..\obj\stm32f4xx_usart.o
 .text.USART_LINBreakDetectLengthConfig
                0x00000000       0x38 ..\obj\stm32f4xx_usart.o
 .text.USART_LINCmd
                0x00000000       0x40 ..\obj\stm32f4xx_usart.o
 .text.USART_SendBreak
                0x00000000       0x24 ..\obj\stm32f4xx_usart.o
 .text.USART_HalfDuplexCmd
                0x00000000       0x40 ..\obj\stm32f4xx_usart.o
 .text.USART_SetGuardTime
                0x00000000       0x3c ..\obj\stm32f4xx_usart.o
 .text.USART_SmartCardCmd
                0x00000000       0x40 ..\obj\stm32f4xx_usart.o
 .text.USART_SmartCardNACKCmd
                0x00000000       0x40 ..\obj\stm32f4xx_usart.o
 .text.USART_IrDAConfig
                0x00000000       0x38 ..\obj\stm32f4xx_usart.o
 .text.USART_IrDACmd
                0x00000000       0x40 ..\obj\stm32f4xx_usart.o
 .text.USART_DMACmd
                0x00000000       0x48 ..\obj\stm32f4xx_usart.o
 .text.USART_ClearFlag
                0x00000000       0x20 ..\obj\stm32f4xx_usart.o
 .text.USART_ClearITPendingBit
                0x00000000       0x38 ..\obj\stm32f4xx_usart.o
 .text          0x00000000        0x0 ..\obj\tm_stm32f4_adc.o
 .data          0x00000000        0x0 ..\obj\tm_stm32f4_adc.o
 .bss           0x00000000        0x3 ..\obj\tm_stm32f4_adc.o
 .text.TM_ADC_EnableVbat
                0x00000000       0x18 ..\obj\tm_stm32f4_adc.o
 .text.TM_ADC_DisableVbat
                0x00000000       0x18 ..\obj\tm_stm32f4_adc.o
 .text.TM_ADC_ReadVbat
                0x00000000       0x60 ..\obj\tm_stm32f4_adc.o
 .text          0x00000000        0x0 ..\obj\tm_stm32f4_disco.o
 .data          0x00000000        0x0 ..\obj\tm_stm32f4_disco.o
 .bss           0x00000000        0x0 ..\obj\tm_stm32f4_disco.o
 .text.TM_DISCO_LedInit
                0x00000000       0x38 ..\obj\tm_stm32f4_disco.o
 .text.TM_DISCO_ButtonInit
                0x00000000       0x38 ..\obj\tm_stm32f4_disco.o
 .text.TM_DISCO_LedOn
                0x00000000       0x20 ..\obj\tm_stm32f4_disco.o
 .text.TM_DISCO_LedOff
                0x00000000       0x20 ..\obj\tm_stm32f4_disco.o
 .text.TM_DISCO_LedToggle
                0x00000000       0x20 ..\obj\tm_stm32f4_disco.o
 .text.TM_DISCO_LedIsOn
                0x00000000       0x2c ..\obj\tm_stm32f4_disco.o
 .text.TM_DISCO_SetLed
                0x00000000       0x2c ..\obj\tm_stm32f4_disco.o
 .text.TM_DISCO_ButtonPressed
                0x00000000       0x20 ..\obj\tm_stm32f4_disco.o
 .debug_info    0x00000000      0x3cb ..\obj\tm_stm32f4_disco.o
 .debug_abbrev  0x00000000      0x153 ..\obj\tm_stm32f4_disco.o
 .debug_aranges
                0x00000000       0x58 ..\obj\tm_stm32f4_disco.o
 .debug_ranges  0x00000000       0x48 ..\obj\tm_stm32f4_disco.o
 .debug_line    0x00000000      0x268 ..\obj\tm_stm32f4_disco.o
 .debug_str     0x00000000      0x3db ..\obj\tm_stm32f4_disco.o
 .comment       0x00000000       0x71 ..\obj\tm_stm32f4_disco.o
 .ARM.attributes
                0x00000000       0x33 ..\obj\tm_stm32f4_disco.o
 .debug_frame   0x00000000      0x10c ..\obj\tm_stm32f4_disco.o
 .text          0x00000000        0x0 ..\obj\startup_stm32f4xx.o
 .data          0x00000000        0x0 ..\obj\startup_stm32f4xx.o
 .bss           0x00000000        0x0 ..\obj\startup_stm32f4xx.o
 .text          0x00000000        0x0 ..\obj\main.o
 .text          0x00000000        0x0 ..\obj\stm32f4xx_rcc.o
 .bss           0x00000000        0x0 ..\obj\stm32f4xx_rcc.o
 .text.RCC_DeInit
                0x00000000       0x50 ..\obj\stm32f4xx_rcc.o
 .text.RCC_AdjustHSICalibrationValue
                0x00000000       0x3c ..\obj\stm32f4xx_rcc.o
 .text.RCC_HSICmd
                0x00000000       0x20 ..\obj\stm32f4xx_rcc.o
 .text.RCC_LSEConfig
                0x00000000       0x40 ..\obj\stm32f4xx_rcc.o
 .text.RCC_LSICmd
                0x00000000       0x20 ..\obj\stm32f4xx_rcc.o
 .text.RCC_PLLConfig
                0x00000000       0x3c ..\obj\stm32f4xx_rcc.o
 .text.RCC_PLLCmd
                0x00000000       0x20 ..\obj\stm32f4xx_rcc.o
 .text.RCC_PLLI2SConfig
                0x00000000       0x28 ..\obj\stm32f4xx_rcc.o
 .text.RCC_PLLI2SCmd
                0x00000000       0x20 ..\obj\stm32f4xx_rcc.o
 .text.RCC_ClockSecuritySystemCmd
                0x00000000       0x20 ..\obj\stm32f4xx_rcc.o
 .text.RCC_MCO1Config
                0x00000000       0x3c ..\obj\stm32f4xx_rcc.o
 .text.RCC_MCO2Config
                0x00000000       0x3c ..\obj\stm32f4xx_rcc.o
 .text.RCC_SYSCLKConfig
                0x00000000       0x38 ..\obj\stm32f4xx_rcc.o
 .text.RCC_GetSYSCLKSource
                0x00000000       0x20 ..\obj\stm32f4xx_rcc.o
 .text.RCC_HCLKConfig
                0x00000000       0x38 ..\obj\stm32f4xx_rcc.o
 .text.RCC_PCLK1Config
                0x00000000       0x38 ..\obj\stm32f4xx_rcc.o
 .text.RCC_PCLK2Config
                0x00000000       0x38 ..\obj\stm32f4xx_rcc.o
 .text.RCC_RTCCLKConfig
                0x00000000       0x5c ..\obj\stm32f4xx_rcc.o
 .text.RCC_RTCCLKCmd
                0x00000000       0x20 ..\obj\stm32f4xx_rcc.o
 .text.RCC_BackupResetCmd
                0x00000000       0x20 ..\obj\stm32f4xx_rcc.o
 .text.RCC_I2SCLKConfig
                0x00000000       0x1c ..\obj\stm32f4xx_rcc.o
 .text.RCC_AHB2PeriphClockCmd
                0x00000000       0x3c ..\obj\stm32f4xx_rcc.o
 .text.RCC_AHB3PeriphClockCmd
                0x00000000       0x3c ..\obj\stm32f4xx_rcc.o
 .text.RCC_AHB1PeriphResetCmd
                0x00000000       0x3c ..\obj\stm32f4xx_rcc.o
 .text.RCC_AHB2PeriphResetCmd
                0x00000000       0x3c ..\obj\stm32f4xx_rcc.o
 .text.RCC_AHB3PeriphResetCmd
                0x00000000       0x3c ..\obj\stm32f4xx_rcc.o
 .text.RCC_APB1PeriphResetCmd
                0x00000000       0x3c ..\obj\stm32f4xx_rcc.o
 .text.RCC_APB2PeriphResetCmd
                0x00000000       0x3c ..\obj\stm32f4xx_rcc.o
 .text.RCC_AHB1PeriphClockLPModeCmd
                0x00000000       0x3c ..\obj\stm32f4xx_rcc.o
 .text.RCC_AHB2PeriphClockLPModeCmd
                0x00000000       0x3c ..\obj\stm32f4xx_rcc.o
 .text.RCC_AHB3PeriphClockLPModeCmd
                0x00000000       0x3c ..\obj\stm32f4xx_rcc.o
 .text.RCC_APB1PeriphClockLPModeCmd
                0x00000000       0x3c ..\obj\stm32f4xx_rcc.o
 .text.RCC_APB2PeriphClockLPModeCmd
                0x00000000       0x3c ..\obj\stm32f4xx_rcc.o
 .text.RCC_ITConfig
                0x00000000       0x48 ..\obj\stm32f4xx_rcc.o
 .text.RCC_ClearFlag
                0x00000000       0x1c ..\obj\stm32f4xx_rcc.o
 .text.RCC_GetITStatus
                0x00000000       0x38 ..\obj\stm32f4xx_rcc.o
 .text.RCC_ClearITPendingBit
                0x00000000       0x20 ..\obj\stm32f4xx_rcc.o
 .text          0x00000000        0x0 ..\obj\tm_stm32f4_usart.o
 .data          0x00000000        0x0 ..\obj\tm_stm32f4_usart.o
 .text.TM_USART_Gets
                0x00000000       0x88 ..\obj\tm_stm32f4_usart.o
 .text.TM_USART_BufferEmpty
                0x00000000       0x30 ..\obj\tm_stm32f4_usart.o
 .text.TM_USART_ClearBuffer
                0x00000000       0x44 ..\obj\tm_stm32f4_usart.o
 .text          0x00000000        0x0 ..\obj\stm32f4xx_adc.o
 .data          0x00000000        0x0 ..\obj\stm32f4xx_adc.o
 .bss           0x00000000        0x0 ..\obj\stm32f4xx_adc.o
 .text.ADC_DeInit
                0x00000000       0x1c ..\obj\stm32f4xx_adc.o
 .text.ADC_StructInit
                0x00000000       0x3c ..\obj\stm32f4xx_adc.o
 .text.ADC_CommonStructInit
                0x00000000       0x2c ..\obj\stm32f4xx_adc.o
 .text.ADC_AnalogWatchdogCmd
                0x00000000       0x38 ..\obj\stm32f4xx_adc.o
 .text.ADC_AnalogWatchdogThresholdsConfig
                0x00000000       0x28 ..\obj\stm32f4xx_adc.o
 .text.ADC_AnalogWatchdogSingleChannelConfig
                0x00000000       0x38 ..\obj\stm32f4xx_adc.o
 .text.ADC_TempSensorVrefintCmd
                0x00000000       0x38 ..\obj\stm32f4xx_adc.o
 .text.ADC_VBATCmd
                0x00000000       0x38 ..\obj\stm32f4xx_adc.o
 .text.ADC_GetSoftwareStartConvStatus
                0x00000000       0x30 ..\obj\stm32f4xx_adc.o
 .text.ADC_EOCOnEachRegularChannelCmd
                0x00000000       0x38 ..\obj\stm32f4xx_adc.o
 .text.ADC_ContinuousModeCmd
                0x00000000       0x38 ..\obj\stm32f4xx_adc.o
 .text.ADC_DiscModeChannelCountConfig
                0x00000000       0x44 ..\obj\stm32f4xx_adc.o
 .text.ADC_DiscModeCmd
                0x00000000       0x38 ..\obj\stm32f4xx_adc.o
 .text.ADC_GetMultiModeConversionValue
                0x00000000       0x18 ..\obj\stm32f4xx_adc.o
 .text.ADC_DMACmd
                0x00000000       0x38 ..\obj\stm32f4xx_adc.o
 .text.ADC_DMARequestAfterLastTransferCmd
                0x00000000       0x38 ..\obj\stm32f4xx_adc.o
 .text.ADC_MultiModeDMARequestAfterLastTransferCmd
                0x00000000       0x38 ..\obj\stm32f4xx_adc.o
 .text.ADC_InjectedChannelConfig
                0x00000000      0x114 ..\obj\stm32f4xx_adc.o
 .text.ADC_InjectedSequencerLengthConfig
                0x00000000       0x44 ..\obj\stm32f4xx_adc.o
 .text.ADC_SetInjectedOffset
                0x00000000       0x30 ..\obj\stm32f4xx_adc.o
 .text.ADC_ExternalTrigInjectedConvConfig
                0x00000000       0x34 ..\obj\stm32f4xx_adc.o
 .text.ADC_ExternalTrigInjectedConvEdgeConfig
                0x00000000       0x34 ..\obj\stm32f4xx_adc.o
 .text.ADC_SoftwareStartInjectedConv
                0x00000000       0x20 ..\obj\stm32f4xx_adc.o
 .text.ADC_GetSoftwareStartInjectedConvCmdStatus
                0x00000000       0x30 ..\obj\stm32f4xx_adc.o
 .text.ADC_AutoInjectedConvCmd
                0x00000000       0x38 ..\obj\stm32f4xx_adc.o
 .text.ADC_InjectedDiscModeCmd
                0x00000000       0x38 ..\obj\stm32f4xx_adc.o
 .text.ADC_GetInjectedConversionValue
                0x00000000       0x30 ..\obj\stm32f4xx_adc.o
 .text.ADC_ITConfig
                0x00000000       0x50 ..\obj\stm32f4xx_adc.o
 .text.ADC_ClearFlag
                0x00000000       0x20 ..\obj\stm32f4xx_adc.o
 .text.ADC_GetITStatus
                0x00000000       0x5c ..\obj\stm32f4xx_adc.o
 .text.ADC_ClearITPendingBit
                0x00000000       0x2c ..\obj\stm32f4xx_adc.o
 .text          0x00000000        0x0 ..\obj\printf.o
 .data          0x00000000      0x430 ..\obj\printf.o
 .bss           0x00000000        0x0 ..\obj\printf.o
 .text.PrintChar
                0x00000000       0x14 ..\obj\printf.o
 .text.PutChar  0x00000000       0x20 ..\obj\printf.o
 .text.PutString
                0x00000000       0x3c ..\obj\printf.o
 .text.PutUnsignedInt
                0x00000000       0xa0 ..\obj\printf.o
 .text.PutSignedInt
                0x00000000       0xfc ..\obj\printf.o
 .text.PutHexa  0x00000000       0xd4 ..\obj\printf.o
 .text.vsnprintf
                0x00000000      0x254 ..\obj\printf.o
 .text.snprintf
                0x00000000       0x30 ..\obj\printf.o
 .text.vsprintf
                0x00000000       0x24 ..\obj\printf.o
 .rodata        0x00000000       0x24 ..\obj\printf.o
 .text.vfprintf
                0x00000000       0x68 ..\obj\printf.o
 .text.vprintf  0x00000000       0x28 ..\obj\printf.o
 .text.fprintf  0x00000000       0x2c ..\obj\printf.o
 .text.printf   0x00000000       0x28 ..\obj\printf.o
 .text.sprintf  0x00000000       0x2c ..\obj\printf.o
 .text.puts     0x00000000       0x24 ..\obj\printf.o
 .text.fputc    0x00000000       0x40 ..\obj\printf.o
 .text.fputs    0x00000000       0x48 ..\obj\printf.o
 .debug_info    0x00000000      0xe38 ..\obj\printf.o
 .debug_abbrev  0x00000000      0x27e ..\obj\printf.o
 .debug_aranges
                0x00000000       0xa0 ..\obj\printf.o
 .debug_ranges  0x00000000       0x90 ..\obj\printf.o
 .debug_line    0x00000000      0x38f ..\obj\printf.o
 .debug_str     0x00000000      0x64c ..\obj\printf.o
 .comment       0x00000000       0x71 ..\obj\printf.o
 .ARM.attributes
                0x00000000       0x33 ..\obj\printf.o
 .debug_frame   0x00000000      0x244 ..\obj\printf.o
 .text          0x00000000        0x0 ..\obj\tm_stm32f4_delay.o
 .data          0x00000000        0x0 ..\obj\tm_stm32f4_delay.o
 .text.TM_DELAY_Time
                0x00000000       0x18 ..\obj\tm_stm32f4_delay.o
 .text.TM_DELAY_Time2
                0x00000000       0x18 ..\obj\tm_stm32f4_delay.o
 .text.TM_DELAY_SetTime
                0x00000000       0x1c ..\obj\tm_stm32f4_delay.o
 .text.TM_DELAY_SetTime2
                0x00000000       0x1c ..\obj\tm_stm32f4_delay.o
 .text.TM_DELAY_EnableSystick
                0x00000000       0x2c ..\obj\tm_stm32f4_delay.o
 .text.TM_DELAY_DisableSystick
                0x00000000       0x1c ..\obj\tm_stm32f4_delay.o
 .text          0x00000000        0x0 ..\obj\ACSE_math.o
 .data          0x00000000        0x0 ..\obj\ACSE_math.o
 .bss           0x00000000        0x0 ..\obj\ACSE_math.o
 .text          0x00000000        0x0 ..\obj\stm32f4xx_gpio.o
 .data          0x00000000        0x0 ..\obj\stm32f4xx_gpio.o
 .bss           0x00000000        0x0 ..\obj\stm32f4xx_gpio.o
 .text.GPIO_DeInit
                0x00000000      0x120 ..\obj\stm32f4xx_gpio.o
 .text.GPIO_StructInit
                0x00000000       0x34 ..\obj\stm32f4xx_gpio.o
 .text.GPIO_PinLockConfig
                0x00000000       0x44 ..\obj\stm32f4xx_gpio.o
 .text.GPIO_ReadInputData
                0x00000000       0x1c ..\obj\stm32f4xx_gpio.o
 .text.GPIO_ReadOutputDataBit
                0x00000000       0x34 ..\obj\stm32f4xx_gpio.o
 .text.GPIO_ReadOutputData
                0x00000000       0x1c ..\obj\stm32f4xx_gpio.o
 .text.GPIO_WriteBit
                0x00000000       0x30 ..\obj\stm32f4xx_gpio.o
 .text.GPIO_Write
                0x00000000       0x1c ..\obj\stm32f4xx_gpio.o
 .text.GPIO_ToggleBits
                0x00000000       0x24 ..\obj\stm32f4xx_gpio.o
 .text          0x00000000        0x0 ..\obj\system_stm32f4xx.o
 .bss           0x00000000        0x0 ..\obj\system_stm32f4xx.o
 .text.SystemCoreClockUpdate
                0x00000000       0xf8 ..\obj\system_stm32f4xx.o
 .text          0x00000000        0x0 ..\obj\syscalls.o
 .data          0x00000000        0x0 ..\obj\syscalls.o
 .bss           0x00000000        0x4 ..\obj\syscalls.o
 .text._sbrk    0x00000000       0x40 ..\obj\syscalls.o
 .text.link     0x00000000       0x1c ..\obj\syscalls.o
 .text._close   0x00000000       0x18 ..\obj\syscalls.o
 .text._fstat   0x00000000       0x20 ..\obj\syscalls.o
 .text._isatty  0x00000000       0x18 ..\obj\syscalls.o
 .text._lseek   0x00000000       0x1c ..\obj\syscalls.o
 .text._read    0x00000000       0x1c ..\obj\syscalls.o
 .text._write   0x00000000       0x1c ..\obj\syscalls.o
 .text.abort    0x00000000        0x8 ..\obj\syscalls.o
 .debug_info    0x00000000      0x3ee ..\obj\syscalls.o
 .debug_abbrev  0x00000000       0xe2 ..\obj\syscalls.o
 .debug_aranges
                0x00000000       0x60 ..\obj\syscalls.o
 .debug_ranges  0x00000000       0x50 ..\obj\syscalls.o
 .debug_line    0x00000000      0x16a ..\obj\syscalls.o
 .debug_str     0x00000000      0x2bd ..\obj\syscalls.o
 .comment       0x00000000       0x71 ..\obj\syscalls.o
 .ARM.attributes
                0x00000000       0x33 ..\obj\syscalls.o
 .debug_frame   0x00000000      0x108 ..\obj\syscalls.o
 .text          0x00000000        0x0 ..\obj\tm_stm32f4_pwm.o
 .data          0x00000000        0x0 ..\obj\tm_stm32f4_pwm.o
 .bss           0x00000000        0x0 ..\obj\tm_stm32f4_pwm.o
 .text          0x00000000        0x0 ..\obj\infra_path.o
 .data          0x00000000        0x0 ..\obj\infra_path.o
 .text          0x00000000        0x0 ..\obj\misc.o
 .data          0x00000000        0x0 ..\obj\misc.o
 .bss           0x00000000        0x0 ..\obj\misc.o
 .text.NVIC_PriorityGroupConfig
                0x00000000       0x24 ..\obj\misc.o
 .text.NVIC_SetVectorTable
                0x00000000       0x2c ..\obj\misc.o
 .text.NVIC_SystemLPConfig
                0x00000000       0x40 ..\obj\misc.o
 .text.SysTick_CLKSourceConfig
                0x00000000       0x38 ..\obj\misc.o
 .text          0x00000000        0x0 ..\obj\tm_stm32f4_timer_properties.o
 .data          0x00000000        0x0 ..\obj\tm_stm32f4_timer_properties.o
 .bss           0x00000000        0x0 ..\obj\tm_stm32f4_timer_properties.o
 .text.TM_TIMER_PROPERTIES_DisableClock
                0x00000000      0x148 ..\obj\tm_stm32f4_timer_properties.o
 .text          0x00000000        0x0 ..\obj\stm32f4xx_tim.o
 .data          0x00000000        0x0 ..\obj\stm32f4xx_tim.o
 .bss           0x00000000        0x0 ..\obj\stm32f4xx_tim.o
 .text.TIM_DeInit
                0x00000000      0x1bc ..\obj\stm32f4xx_tim.o
 .text.TIM_TimeBaseStructInit
                0x00000000       0x34 ..\obj\stm32f4xx_tim.o
 .text.TIM_PrescalerConfig
                0x00000000       0x28 ..\obj\stm32f4xx_tim.o
 .text.TIM_CounterModeConfig
                0x00000000       0x38 ..\obj\stm32f4xx_tim.o
 .text.TIM_SetCounter
                0x00000000       0x1c ..\obj\stm32f4xx_tim.o
 .text.TIM_SetAutoreload
                0x00000000       0x1c ..\obj\stm32f4xx_tim.o
 .text.TIM_GetCounter
                0x00000000       0x18 ..\obj\stm32f4xx_tim.o
 .text.TIM_GetPrescaler
                0x00000000       0x1c ..\obj\stm32f4xx_tim.o
 .text.TIM_UpdateDisableConfig
                0x00000000       0x40 ..\obj\stm32f4xx_tim.o
 .text.TIM_UpdateRequestConfig
                0x00000000       0x40 ..\obj\stm32f4xx_tim.o
 .text.TIM_ARRPreloadConfig
                0x00000000       0x40 ..\obj\stm32f4xx_tim.o
 .text.TIM_SelectOnePulseMode
                0x00000000       0x38 ..\obj\stm32f4xx_tim.o
 .text.TIM_SetClockDivision
                0x00000000       0x38 ..\obj\stm32f4xx_tim.o
 .text.TIM_OCStructInit
                0x00000000       0x44 ..\obj\stm32f4xx_tim.o
 .text.TIM_SelectOCxM
                0x00000000       0xac ..\obj\stm32f4xx_tim.o
 .text.TIM_SetCompare1
                0x00000000       0x1c ..\obj\stm32f4xx_tim.o
 .text.TIM_SetCompare2
                0x00000000       0x1c ..\obj\stm32f4xx_tim.o
 .text.TIM_SetCompare3
                0x00000000       0x1c ..\obj\stm32f4xx_tim.o
 .text.TIM_SetCompare4
                0x00000000       0x1c ..\obj\stm32f4xx_tim.o
 .text.TIM_ForcedOC1Config
                0x00000000       0x38 ..\obj\stm32f4xx_tim.o
 .text.TIM_ForcedOC2Config
                0x00000000       0x3c ..\obj\stm32f4xx_tim.o
 .text.TIM_ForcedOC3Config
                0x00000000       0x38 ..\obj\stm32f4xx_tim.o
 .text.TIM_ForcedOC4Config
                0x00000000       0x3c ..\obj\stm32f4xx_tim.o
 .text.TIM_OC1FastConfig
                0x00000000       0x38 ..\obj\stm32f4xx_tim.o
 .text.TIM_OC2FastConfig
                0x00000000       0x3c ..\obj\stm32f4xx_tim.o
 .text.TIM_OC3FastConfig
                0x00000000       0x38 ..\obj\stm32f4xx_tim.o
 .text.TIM_OC4FastConfig
                0x00000000       0x3c ..\obj\stm32f4xx_tim.o
 .text.TIM_ClearOC1Ref
                0x00000000       0x38 ..\obj\stm32f4xx_tim.o
 .text.TIM_ClearOC2Ref
                0x00000000       0x3c ..\obj\stm32f4xx_tim.o
 .text.TIM_ClearOC3Ref
                0x00000000       0x38 ..\obj\stm32f4xx_tim.o
 .text.TIM_ClearOC4Ref
                0x00000000       0x3c ..\obj\stm32f4xx_tim.o
 .text.TIM_OC1PolarityConfig
                0x00000000       0x38 ..\obj\stm32f4xx_tim.o
 .text.TIM_OC1NPolarityConfig
                0x00000000       0x38 ..\obj\stm32f4xx_tim.o
 .text.TIM_OC2PolarityConfig
                0x00000000       0x3c ..\obj\stm32f4xx_tim.o
 .text.TIM_OC2NPolarityConfig
                0x00000000       0x3c ..\obj\stm32f4xx_tim.o
 .text.TIM_OC3PolarityConfig
                0x00000000       0x3c ..\obj\stm32f4xx_tim.o
 .text.TIM_OC3NPolarityConfig
                0x00000000       0x3c ..\obj\stm32f4xx_tim.o
 .text.TIM_OC4PolarityConfig
                0x00000000       0x3c ..\obj\stm32f4xx_tim.o
 .text.TIM_CCxCmd
                0x00000000       0x54 ..\obj\stm32f4xx_tim.o
 .text.TIM_CCxNCmd
                0x00000000       0x54 ..\obj\stm32f4xx_tim.o
 .text.TIM_ICInit
                0x00000000       0xa8 ..\obj\stm32f4xx_tim.o
 .text.TIM_ICStructInit
                0x00000000       0x30 ..\obj\stm32f4xx_tim.o
 .text.TIM_PWMIConfig
                0x00000000       0xb8 ..\obj\stm32f4xx_tim.o
 .text.TIM_GetCapture1
                0x00000000       0x18 ..\obj\stm32f4xx_tim.o
 .text.TIM_GetCapture2
                0x00000000       0x18 ..\obj\stm32f4xx_tim.o
 .text.TIM_GetCapture3
                0x00000000       0x18 ..\obj\stm32f4xx_tim.o
 .text.TIM_GetCapture4
                0x00000000       0x18 ..\obj\stm32f4xx_tim.o
 .text.TIM_SetIC1Prescaler
                0x00000000       0x38 ..\obj\stm32f4xx_tim.o
 .text.TIM_SetIC2Prescaler
                0x00000000       0x3c ..\obj\stm32f4xx_tim.o
 .text.TIM_SetIC3Prescaler
                0x00000000       0x38 ..\obj\stm32f4xx_tim.o
 .text.TIM_SetIC4Prescaler
                0x00000000       0x3c ..\obj\stm32f4xx_tim.o
 .text.TIM_BDTRConfig
                0x00000000       0x50 ..\obj\stm32f4xx_tim.o
 .text.TIM_BDTRStructInit
                0x00000000       0x3c ..\obj\stm32f4xx_tim.o
 .text.TIM_CtrlPWMOutputs
                0x00000000       0x4c ..\obj\stm32f4xx_tim.o
 .text.TIM_SelectCOM
                0x00000000       0x40 ..\obj\stm32f4xx_tim.o
 .text.TIM_CCPreloadControl
                0x00000000       0x40 ..\obj\stm32f4xx_tim.o
 .text.TIM_ITConfig
                0x00000000       0x48 ..\obj\stm32f4xx_tim.o
 .text.TIM_GenerateEvent
                0x00000000       0x1c ..\obj\stm32f4xx_tim.o
 .text.TIM_GetFlagStatus
                0x00000000       0x38 ..\obj\stm32f4xx_tim.o
 .text.TIM_ClearFlag
                0x00000000       0x20 ..\obj\stm32f4xx_tim.o
 .text.TIM_GetITStatus
                0x00000000       0x54 ..\obj\stm32f4xx_tim.o
 .text.TIM_ClearITPendingBit
                0x00000000       0x20 ..\obj\stm32f4xx_tim.o
 .text.TIM_DMAConfig
                0x00000000       0x28 ..\obj\stm32f4xx_tim.o
 .text.TIM_DMACmd
                0x00000000       0x48 ..\obj\stm32f4xx_tim.o
 .text.TIM_SelectCCDMA
                0x00000000       0x40 ..\obj\stm32f4xx_tim.o
 .text.TIM_InternalClockConfig
                0x00000000       0x24 ..\obj\stm32f4xx_tim.o
 .text.TIM_ITRxExternalClockConfig
                0x00000000       0x2c ..\obj\stm32f4xx_tim.o
 .text.TIM_TIxExternalClockConfig
                0x00000000       0x54 ..\obj\stm32f4xx_tim.o
 .text.TIM_ETRClockMode1Config
                0x00000000       0x50 ..\obj\stm32f4xx_tim.o
 .text.TIM_ETRClockMode2Config
                0x00000000       0x30 ..\obj\stm32f4xx_tim.o
 .text.TIM_SelectInputTrigger
                0x00000000       0x38 ..\obj\stm32f4xx_tim.o
 .text.TIM_SelectOutputTrigger
                0x00000000       0x38 ..\obj\stm32f4xx_tim.o
 .text.TIM_SelectSlaveMode
                0x00000000       0x38 ..\obj\stm32f4xx_tim.o
 .text.TIM_SelectMasterSlaveMode
                0x00000000       0x38 ..\obj\stm32f4xx_tim.o
 .text.TIM_ETRConfig
                0x00000000       0x48 ..\obj\stm32f4xx_tim.o
 .text.TIM_EncoderInterfaceConfig
                0x00000000       0x8c ..\obj\stm32f4xx_tim.o
 .text.TIM_SelectHallSensor
                0x00000000       0x40 ..\obj\stm32f4xx_tim.o
 .text.TIM_RemapConfig
                0x00000000       0x20 ..\obj\stm32f4xx_tim.o
 .text.TI1_Config
                0x00000000       0x78 ..\obj\stm32f4xx_tim.o
 .text.TI2_Config
                0x00000000       0x8c ..\obj\stm32f4xx_tim.o
 .text.TI3_Config
                0x00000000       0x84 ..\obj\stm32f4xx_tim.o
 .text.TI4_Config
                0x00000000       0x90 ..\obj\stm32f4xx_tim.o
 .data          0x00000000        0x0 c:/program files (x86)/gnu tools arm embedded/4.8 2014q2/bin/../lib/gcc/arm-none-eabi/4.8.4/armv7e-m\libgcc.a(_arm_addsubdf3.o)
 .bss           0x00000000        0x0 c:/program files (x86)/gnu tools arm embedded/4.8 2014q2/bin/../lib/gcc/arm-none-eabi/4.8.4/armv7e-m\libgcc.a(_arm_addsubdf3.o)
 .data          0x00000000        0x0 c:/program files (x86)/gnu tools arm embedded/4.8 2014q2/bin/../lib/gcc/arm-none-eabi/4.8.4/armv7e-m\libgcc.a(_arm_muldivdf3.o)
 .bss           0x00000000        0x0 c:/program files (x86)/gnu tools arm embedded/4.8 2014q2/bin/../lib/gcc/arm-none-eabi/4.8.4/armv7e-m\libgcc.a(_arm_muldivdf3.o)
 .data          0x00000000        0x0 c:/program files (x86)/gnu tools arm embedded/4.8 2014q2/bin/../lib/gcc/arm-none-eabi/4.8.4/armv7e-m\libgcc.a(_arm_cmpdf2.o)
 .bss           0x00000000        0x0 c:/program files (x86)/gnu tools arm embedded/4.8 2014q2/bin/../lib/gcc/arm-none-eabi/4.8.4/armv7e-m\libgcc.a(_arm_cmpdf2.o)
 .data          0x00000000        0x0 c:/program files (x86)/gnu tools arm embedded/4.8 2014q2/bin/../lib/gcc/arm-none-eabi/4.8.4/armv7e-m\libgcc.a(_arm_fixunsdfsi.o)
 .bss           0x00000000        0x0 c:/program files (x86)/gnu tools arm embedded/4.8 2014q2/bin/../lib/gcc/arm-none-eabi/4.8.4/armv7e-m\libgcc.a(_arm_fixunsdfsi.o)
 .data          0x00000000        0x0 c:/program files (x86)/gnu tools arm embedded/4.8 2014q2/bin/../lib/gcc/arm-none-eabi/4.8.4/armv7e-m\libgcc.a(_arm_addsubsf3.o)
 .bss           0x00000000        0x0 c:/program files (x86)/gnu tools arm embedded/4.8 2014q2/bin/../lib/gcc/arm-none-eabi/4.8.4/armv7e-m\libgcc.a(_arm_addsubsf3.o)
 .data          0x00000000        0x0 c:/program files (x86)/gnu tools arm embedded/4.8 2014q2/bin/../lib/gcc/arm-none-eabi/4.8.4/armv7e-m\libgcc.a(_arm_muldivsf3.o)
 .bss           0x00000000        0x0 c:/program files (x86)/gnu tools arm embedded/4.8 2014q2/bin/../lib/gcc/arm-none-eabi/4.8.4/armv7e-m\libgcc.a(_arm_muldivsf3.o)
 .data          0x00000000        0x0 c:/program files (x86)/gnu tools arm embedded/4.8 2014q2/bin/../lib/gcc/arm-none-eabi/4.8.4/armv7e-m\libgcc.a(_arm_cmpsf2.o)
 .bss           0x00000000        0x0 c:/program files (x86)/gnu tools arm embedded/4.8 2014q2/bin/../lib/gcc/arm-none-eabi/4.8.4/armv7e-m\libgcc.a(_arm_cmpsf2.o)
 .data          0x00000000        0x0 c:/program files (x86)/gnu tools arm embedded/4.8 2014q2/bin/../lib/gcc/arm-none-eabi/4.8.4/armv7e-m\libgcc.a(_arm_fixunssfsi.o)
 .bss           0x00000000        0x0 c:/program files (x86)/gnu tools arm embedded/4.8 2014q2/bin/../lib/gcc/arm-none-eabi/4.8.4/armv7e-m\libgcc.a(_arm_fixunssfsi.o)

Memory Configuration

Name             Origin             Length             Attributes
rom              0x08000000         0x00040000         xr
ram              0x20000000         0x00010000         xrw
*default*        0x00000000         0xffffffff

Linker script and memory map

                0x20010000                _eram = 0x20010000

.text           0x08000000     0x5470
 *(.isr_vector)
 .isr_vector    0x08000000      0x188 ..\obj\startup_stm32f4xx.o
                0x08000000                g_pfnVectors
 *(.text*)
 .text.TM_SERVO_Init
                0x08000188       0x60 ..\obj\tm_stm32f4_servo.o
                0x08000188                TM_SERVO_Init
 .text.TM_SERVO_SetDegrees
                0x080001e8       0x7c ..\obj\tm_stm32f4_servo.o
                0x080001e8                TM_SERVO_SetDegrees
 .text.USART_Init
                0x08000264      0x174 ..\obj\stm32f4xx_usart.o
                0x08000264                USART_Init
 .text.USART_Cmd
                0x080003d8       0x40 ..\obj\stm32f4xx_usart.o
                0x080003d8                USART_Cmd
 .text.USART_SendData
                0x08000418       0x24 ..\obj\stm32f4xx_usart.o
                0x08000418                USART_SendData
 .text.USART_ITConfig
                0x0800043c       0x90 ..\obj\stm32f4xx_usart.o
                0x0800043c                USART_ITConfig
 .text.USART_GetFlagStatus
                0x080004cc       0x38 ..\obj\stm32f4xx_usart.o
                0x080004cc                USART_GetFlagStatus
 .text.USART_GetITStatus
                0x08000504       0xb0 ..\obj\stm32f4xx_usart.o
                0x08000504                USART_GetITStatus
 .text.TM_ADC_Init
                0x080005b4       0xf8 ..\obj\tm_stm32f4_adc.o
                0x080005b4                TM_ADC_Init
 .text.TM_ADC_InitADC
                0x080006ac       0xac ..\obj\tm_stm32f4_adc.o
                0x080006ac                TM_ADC_InitADC
 .text.TM_ADC_Read
                0x08000758       0x40 ..\obj\tm_stm32f4_adc.o
                0x08000758                TM_ADC_Read
 .text.TM_ADC_INT_Channel_0_Init
                0x08000798       0x1c ..\obj\tm_stm32f4_adc.o
                0x08000798                TM_ADC_INT_Channel_0_Init
 .text.TM_ADC_INT_Channel_1_Init
                0x080007b4       0x1c ..\obj\tm_stm32f4_adc.o
                0x080007b4                TM_ADC_INT_Channel_1_Init
 .text.TM_ADC_INT_Channel_2_Init
                0x080007d0       0x1c ..\obj\tm_stm32f4_adc.o
                0x080007d0                TM_ADC_INT_Channel_2_Init
 .text.TM_ADC_INT_Channel_3_Init
                0x080007ec       0x1c ..\obj\tm_stm32f4_adc.o
                0x080007ec                TM_ADC_INT_Channel_3_Init
 .text.TM_ADC_INT_Channel_4_Init
                0x08000808       0x50 ..\obj\tm_stm32f4_adc.o
                0x08000808                TM_ADC_INT_Channel_4_Init
 .text.TM_ADC_INT_Channel_5_Init
                0x08000858       0x50 ..\obj\tm_stm32f4_adc.o
                0x08000858                TM_ADC_INT_Channel_5_Init
 .text.TM_ADC_INT_Channel_6_Init
                0x080008a8       0x54 ..\obj\tm_stm32f4_adc.o
                0x080008a8                TM_ADC_INT_Channel_6_Init
 .text.TM_ADC_INT_Channel_7_Init
                0x080008fc       0x54 ..\obj\tm_stm32f4_adc.o
                0x080008fc                TM_ADC_INT_Channel_7_Init
 .text.TM_ADC_INT_Channel_8_Init
                0x08000950       0x54 ..\obj\tm_stm32f4_adc.o
                0x08000950                TM_ADC_INT_Channel_8_Init
 .text.TM_ADC_INT_Channel_9_Init
                0x080009a4       0x50 ..\obj\tm_stm32f4_adc.o
                0x080009a4                TM_ADC_INT_Channel_9_Init
 .text.TM_ADC_INT_Channel_10_Init
                0x080009f4       0x1c ..\obj\tm_stm32f4_adc.o
                0x080009f4                TM_ADC_INT_Channel_10_Init
 .text.TM_ADC_INT_Channel_11_Init
                0x08000a10       0x1c ..\obj\tm_stm32f4_adc.o
                0x08000a10                TM_ADC_INT_Channel_11_Init
 .text.TM_ADC_INT_Channel_12_Init
                0x08000a2c       0x1c ..\obj\tm_stm32f4_adc.o
                0x08000a2c                TM_ADC_INT_Channel_12_Init
 .text.TM_ADC_INT_Channel_13_Init
                0x08000a48       0x1c ..\obj\tm_stm32f4_adc.o
                0x08000a48                TM_ADC_INT_Channel_13_Init
 .text.TM_ADC_INT_Channel_14_Init
                0x08000a64       0x50 ..\obj\tm_stm32f4_adc.o
                0x08000a64                TM_ADC_INT_Channel_14_Init
 .text.TM_ADC_INT_Channel_15_Init
                0x08000ab4       0x50 ..\obj\tm_stm32f4_adc.o
                0x08000ab4                TM_ADC_INT_Channel_15_Init
 .text.TM_ADC_INT_InitPin
                0x08000b04       0x40 ..\obj\tm_stm32f4_adc.o
                0x08000b04                TM_ADC_INT_InitPin
 .text.Default_Reset_Handler
                0x08000b44       0x5c ..\obj\startup_stm32f4xx.o
                0x08000b44                Default_Reset_Handler
                0x08000b44                Reset_Handler
 .text.Default_Handler
                0x08000ba0        0x8 ..\obj\startup_stm32f4xx.o
                0x08000ba0                RTC_Alarm_IRQHandler
                0x08000ba0                HASH_RNG_IRQHandler
                0x08000ba0                EXTI2_IRQHandler
                0x08000ba0                TIM8_CC_IRQHandler
                0x08000ba0                DebugMon_Handler
                0x08000ba0                TIM1_CC_IRQHandler
                0x08000ba0                DMA2_Stream5_IRQHandler
                0x08000ba0                HardFault_Handler
                0x08000ba0                DMA1_Stream5_IRQHandler
                0x08000ba0                PVD_IRQHandler
                0x08000ba0                SDIO_IRQHandler
                0x08000ba0                TAMP_STAMP_IRQHandler
                0x08000ba0                PendSV_Handler
                0x08000ba0                NMI_Handler
                0x08000ba0                CAN2_RX1_IRQHandler
                0x08000ba0                EXTI3_IRQHandler
                0x08000ba0                TIM8_TRG_COM_TIM14_IRQHandler
                0x08000ba0                TIM1_UP_TIM10_IRQHandler
                0x08000ba0                TIM8_UP_TIM13_IRQHandler
                0x08000ba0                I2C3_ER_IRQHandler
                0x08000ba0                EXTI0_IRQHandler
                0x08000ba0                I2C2_EV_IRQHandler
                0x08000ba0                DMA1_Stream2_IRQHandler
                0x08000ba0                CAN1_RX0_IRQHandler
                0x08000ba0                FPU_IRQHandler
                0x08000ba0                OTG_HS_WKUP_IRQHandler
                0x08000ba0                UsageFault_Handler
                0x08000ba0                CAN2_SCE_IRQHandler
                0x08000ba0                DMA2_Stream2_IRQHandler
                0x08000ba0                SPI1_IRQHandler
                0x08000ba0                TIM6_DAC_IRQHandler
                0x08000ba0                TIM1_BRK_TIM9_IRQHandler
                0x08000ba0                DCMI_IRQHandler
                0x08000ba0                CAN2_RX0_IRQHandler
                0x08000ba0                DMA2_Stream3_IRQHandler
                0x08000ba0                CRYP_IRQHandler
                0x08000ba0                CAN1_RX1_IRQHandler
                0x08000ba0                DMA2_Stream0_IRQHandler
                0x08000ba0                TIM4_IRQHandler
                0x08000ba0                I2C1_EV_IRQHandler
                0x08000ba0                DMA1_Stream6_IRQHandler
                0x08000ba0                DMA1_Stream1_IRQHandler
                0x08000ba0                TIM3_IRQHandler
                0x08000ba0                RCC_IRQHandler
                0x08000ba0                TIM8_BRK_TIM12_IRQHandler
                0x08000ba0                EXTI15_10_IRQHandler
                0x08000ba0                ADC_IRQHandler
                0x08000ba0                DMA1_Stream7_IRQHandler
                0x08000ba0                TIM7_IRQHandler
                0x08000ba0                CAN2_TX_IRQHandler
                0x08000ba0                TIM5_IRQHandler
                0x08000ba0                DMA2_Stream7_IRQHandler
                0x08000ba0                I2C3_EV_IRQHandler
                0x08000ba0                EXTI9_5_IRQHandler
                0x08000ba0                RTC_WKUP_IRQHandler
                0x08000ba0                ETH_WKUP_IRQHandler
                0x08000ba0                SPI2_IRQHandler
                0x08000ba0                OTG_HS_EP1_IN_IRQHandler
                0x08000ba0                MemManage_Handler
                0x08000ba0                DMA1_Stream0_IRQHandler
                0x08000ba0                CAN1_TX_IRQHandler
                0x08000ba0                SVC_Handler
                0x08000ba0                EXTI4_IRQHandler
                0x08000ba0                FSMC_IRQHandler
                0x08000ba0                ETH_IRQHandler
                0x08000ba0                OTG_HS_EP1_OUT_IRQHandler
                0x08000ba0                WWDG_IRQHandler
                0x08000ba0                TIM2_IRQHandler
                0x08000ba0                OTG_FS_WKUP_IRQHandler
                0x08000ba0                TIM1_TRG_COM_TIM11_IRQHandler
                0x08000ba0                OTG_HS_IRQHandler
                0x08000ba0                EXTI1_IRQHandler
                0x08000ba0                I2C2_ER_IRQHandler
                0x08000ba0                DMA2_Stream1_IRQHandler
                0x08000ba0                CAN1_SCE_IRQHandler
                0x08000ba0                FLASH_IRQHandler
                0x08000ba0                DMA2_Stream4_IRQHandler
                0x08000ba0                BusFault_Handler
                0x08000ba0                OTG_FS_IRQHandler
                0x08000ba0                SPI3_IRQHandler
                0x08000ba0                DMA1_Stream4_IRQHandler
                0x08000ba0                I2C1_ER_IRQHandler
                0x08000ba0                DMA2_Stream6_IRQHandler
                0x08000ba0                DMA1_Stream3_IRQHandler
 .text.tank_move
                0x08000ba8      0x240 ..\obj\main.o
                0x08000ba8                tank_move
 .text.init_tank_pwm
                0x08000de8       0x50 ..\obj\main.o
                0x08000de8                init_tank_pwm
 .text.init_tank_gpio
                0x08000e38       0xb4 ..\obj\main.o
                0x08000e38                init_tank_gpio
 .text.tank_speedsetup
                0x08000eec       0xc8 ..\obj\main.o
                0x08000eec                tank_speedsetup
 .text.init_tank_speed
                0x08000fb4       0x3c ..\obj\main.o
                0x08000fb4                init_tank_speed
 .text.main     0x08000ff0      0x190 ..\obj\main.o
                0x08000ff0                main
 .text.RCC_HSEConfig
                0x08001180       0x24 ..\obj\stm32f4xx_rcc.o
                0x08001180                RCC_HSEConfig
 .text.RCC_WaitForHSEStartUp
                0x080011a4       0x50 ..\obj\stm32f4xx_rcc.o
                0x080011a4                RCC_WaitForHSEStartUp
 .text.RCC_GetClocksFreq
                0x080011f4      0x154 ..\obj\stm32f4xx_rcc.o
                0x080011f4                RCC_GetClocksFreq
 .text.RCC_AHB1PeriphClockCmd
                0x08001348       0x3c ..\obj\stm32f4xx_rcc.o
                0x08001348                RCC_AHB1PeriphClockCmd
 .text.RCC_APB1PeriphClockCmd
                0x08001384       0x3c ..\obj\stm32f4xx_rcc.o
                0x08001384                RCC_APB1PeriphClockCmd
 .text.RCC_APB2PeriphClockCmd
                0x080013c0       0x3c ..\obj\stm32f4xx_rcc.o
                0x080013c0                RCC_APB2PeriphClockCmd
 .text.RCC_GetFlagStatus
                0x080013fc       0x74 ..\obj\stm32f4xx_rcc.o
                0x080013fc                RCC_GetFlagStatus
 .text.TM_USART_Init
                0x08001470       0xd8 ..\obj\tm_stm32f4_usart.o
                0x08001470                TM_USART_Init
 .text.TM_USART1_InitPins
                0x08001548       0x98 ..\obj\tm_stm32f4_usart.o
                0x08001548                TM_USART1_InitPins
 .text.TM_USART2_InitPins
                0x080015e0       0x98 ..\obj\tm_stm32f4_usart.o
                0x080015e0                TM_USART2_InitPins
 .text.TM_USART6_InitPins
                0x08001678       0x98 ..\obj\tm_stm32f4_usart.o
                0x08001678                TM_USART6_InitPins
 .text.TM_USART_Putc
                0x08001710       0x30 ..\obj\tm_stm32f4_usart.o
                0x08001710                TM_USART_Putc
 .text.TM_USART_Puts
                0x08001740       0x2c ..\obj\tm_stm32f4_usart.o
                0x08001740                TM_USART_Puts
 .text.USART1_IRQHandler
                0x0800176c       0x2c ..\obj\tm_stm32f4_usart.o
                0x0800176c                USART1_IRQHandler
 .text.USART2_IRQHandler
                0x08001798       0x2c ..\obj\tm_stm32f4_usart.o
                0x08001798                USART2_IRQHandler
 .text.USART3_IRQHandler
                0x080017c4       0x2c ..\obj\tm_stm32f4_usart.o
                0x080017c4                USART3_IRQHandler
 .text.UART4_IRQHandler
                0x080017f0       0x2c ..\obj\tm_stm32f4_usart.o
                0x080017f0                UART4_IRQHandler
 .text.UART5_IRQHandler
                0x0800181c       0x2c ..\obj\tm_stm32f4_usart.o
                0x0800181c                UART5_IRQHandler
 .text.USART6_IRQHandler
                0x08001848       0x2c ..\obj\tm_stm32f4_usart.o
                0x08001848                USART6_IRQHandler
 .text.TM_USART_InsertToBuffer
                0x08001874       0x80 ..\obj\tm_stm32f4_usart.o
                0x08001874                TM_USART_InsertToBuffer
 .text.TM_USART_Getc
                0x080018f4       0xa0 ..\obj\tm_stm32f4_usart.o
                0x080018f4                TM_USART_Getc
 .text.TM_USART_GetUsartNumber
                0x08001994       0x78 ..\obj\tm_stm32f4_usart.o
                0x08001994                TM_USART_GetUsartNumber
 .text.ADC_Init
                0x08001a0c       0xa8 ..\obj\stm32f4xx_adc.o
                0x08001a0c                ADC_Init
 .text.ADC_CommonInit
                0x08001ab4       0x50 ..\obj\stm32f4xx_adc.o
                0x08001ab4                ADC_CommonInit
 .text.ADC_Cmd  0x08001b04       0x38 ..\obj\stm32f4xx_adc.o
                0x08001b04                ADC_Cmd
 .text.ADC_RegularChannelConfig
                0x08001b3c      0x188 ..\obj\stm32f4xx_adc.o
                0x08001b3c                ADC_RegularChannelConfig
 .text.ADC_SoftwareStartConv
                0x08001cc4       0x20 ..\obj\stm32f4xx_adc.o
                0x08001cc4                ADC_SoftwareStartConv
 .text.ADC_GetConversionValue
                0x08001ce4       0x1c ..\obj\stm32f4xx_adc.o
                0x08001ce4                ADC_GetConversionValue
 .text.ADC_GetFlagStatus
                0x08001d00       0x34 ..\obj\stm32f4xx_adc.o
                0x08001d00                ADC_GetFlagStatus
 .text.NVIC_SetPriority
                0x08001d34       0x54 ..\obj\tm_stm32f4_delay.o
 .text.SysTick_Config
                0x08001d88       0x44 ..\obj\tm_stm32f4_delay.o
 .text.Delay    0x08001dcc       0x28 ..\obj\tm_stm32f4_delay.o
                0x08001dcc                Delay
 .text.Delayms  0x08001df4       0x30 ..\obj\tm_stm32f4_delay.o
                0x08001df4                Delayms
 .text.SysTick_Handler
                0x08001e24       0x48 ..\obj\tm_stm32f4_delay.o
                0x08001e24                SysTick_Handler
 .text.TM_DELAY_Init
                0x08001e6c       0x50 ..\obj\tm_stm32f4_delay.o
                0x08001e6c                TM_DELAY_Init
 .text.itoa     0x08001ebc       0xb4 ..\obj\ACSE_math.o
                0x08001ebc                itoa
 .text.GPIO_Init
                0x08001f70      0x11c ..\obj\stm32f4xx_gpio.o
                0x08001f70                GPIO_Init
 .text.GPIO_ReadInputDataBit
                0x0800208c       0x34 ..\obj\stm32f4xx_gpio.o
                0x0800208c                GPIO_ReadInputDataBit
 .text.GPIO_SetBits
                0x080020c0       0x1c ..\obj\stm32f4xx_gpio.o
                0x080020c0                GPIO_SetBits
 .text.GPIO_ResetBits
                0x080020dc       0x1c ..\obj\stm32f4xx_gpio.o
                0x080020dc                GPIO_ResetBits
 .text.GPIO_PinAFConfig
                0x080020f8       0x8c ..\obj\stm32f4xx_gpio.o
                0x080020f8                GPIO_PinAFConfig
 .text.SystemInit
                0x08002184       0x58 ..\obj\system_stm32f4xx.o
                0x08002184                SystemInit
 .text.SetSysClock
                0x080021dc       0xf4 ..\obj\system_stm32f4xx.o
 .text.TM_PWM_InitTimer
                0x080022d0      0x110 ..\obj\tm_stm32f4_pwm.o
                0x080022d0                TM_PWM_InitTimer
 .text.TM_PWM_InitChannel
                0x080023e0      0x168 ..\obj\tm_stm32f4_pwm.o
                0x080023e0                TM_PWM_InitChannel
 .text.TM_PWM_SetChannel
                0x08002548       0xb0 ..\obj\tm_stm32f4_pwm.o
                0x08002548                TM_PWM_SetChannel
 .text.TM_PWM_SetChannelPercent
                0x080025f8       0x98 ..\obj\tm_stm32f4_pwm.o
                0x080025f8                TM_PWM_SetChannelPercent
 .text.TM_PWM_SetChannelMicros
                0x08002690       0x48 ..\obj\tm_stm32f4_pwm.o
                0x08002690                TM_PWM_SetChannelMicros
 .text.TM_PWM_INT_InitTIM1Pins
                0x080026d8      0x1f4 ..\obj\tm_stm32f4_pwm.o
                0x080026d8                TM_PWM_INT_InitTIM1Pins
 .text.TM_PWM_INT_InitTIM2Pins
                0x080028cc      0x214 ..\obj\tm_stm32f4_pwm.o
                0x080028cc                TM_PWM_INT_InitTIM2Pins
 .text.TM_PWM_INT_InitTIM3Pins
                0x08002ae0      0x240 ..\obj\tm_stm32f4_pwm.o
                0x08002ae0                TM_PWM_INT_InitTIM3Pins
 .text.TM_PWM_INT_InitTIM4Pins
                0x08002d20      0x1f0 ..\obj\tm_stm32f4_pwm.o
                0x08002d20                TM_PWM_INT_InitTIM4Pins
 .text.TM_PWM_INT_InitTIM5Pins
                0x08002f10      0x1f0 ..\obj\tm_stm32f4_pwm.o
                0x08002f10                TM_PWM_INT_InitTIM5Pins
 .text.TM_PWM_INT_InitTIM8Pins
                0x08003100      0x1f0 ..\obj\tm_stm32f4_pwm.o
                0x08003100                TM_PWM_INT_InitTIM8Pins
 .text.TM_PWM_INT_InitTIM9Pins
                0x080032f0      0x10c ..\obj\tm_stm32f4_pwm.o
                0x080032f0                TM_PWM_INT_InitTIM9Pins
 .text.TM_PWM_INT_InitTIM10Pins
                0x080033fc       0xa4 ..\obj\tm_stm32f4_pwm.o
                0x080033fc                TM_PWM_INT_InitTIM10Pins
 .text.TM_PWM_INT_InitTIM11Pins
                0x080034a0       0xa4 ..\obj\tm_stm32f4_pwm.o
                0x080034a0                TM_PWM_INT_InitTIM11Pins
 .text.TM_PWM_INT_InitTIM12Pins
                0x08003544      0x110 ..\obj\tm_stm32f4_pwm.o
                0x08003544                TM_PWM_INT_InitTIM12Pins
 .text.TM_PWM_INT_InitTIM13Pins
                0x08003654       0xa4 ..\obj\tm_stm32f4_pwm.o
                0x08003654                TM_PWM_INT_InitTIM13Pins
 .text.TM_PWM_INT_InitTIM14Pins
                0x080036f8       0xa4 ..\obj\tm_stm32f4_pwm.o
                0x080036f8                TM_PWM_INT_InitTIM14Pins
 .text.freeway_detect
                0x0800379c      0x17c ..\obj\infra_path.o
                0x0800379c                freeway_detect
 .text.infra_path_init
                0x08003918       0x5c ..\obj\infra_path.o
                0x08003918                infra_path_init
 .text.infra_path
                0x08003974       0xf8 ..\obj\infra_path.o
                0x08003974                infra_path
 .text.NVIC_Init
                0x08003a6c       0xbc ..\obj\misc.o
                0x08003a6c                NVIC_Init
 .text.TM_TIMER_PROPERTIES_GetTimerProperties
                0x08003b28      0x100 ..\obj\tm_stm32f4_timer_properties.o
                0x08003b28                TM_TIMER_PROPERTIES_GetTimerProperties
 .text.TM_TIMER_PROPERTIES_GenerateDataForWorkingFrequency
                0x08003c28      0x128 ..\obj\tm_stm32f4_timer_properties.o
                0x08003c28                TM_TIMER_PROPERTIES_GenerateDataForWorkingFrequency
 .text.TM_TIMER_PROPERTIES_EnableClock
                0x08003d50      0x148 ..\obj\tm_stm32f4_timer_properties.o
                0x08003d50                TM_TIMER_PROPERTIES_EnableClock
 .text.TIM_TimeBaseInit
                0x08003e98       0xd4 ..\obj\stm32f4xx_tim.o
                0x08003e98                TIM_TimeBaseInit
 .text.TIM_Cmd  0x08003f6c       0x40 ..\obj\stm32f4xx_tim.o
                0x08003f6c                TIM_Cmd
 .text.TIM_OC1Init
                0x08003fac       0xf4 ..\obj\stm32f4xx_tim.o
                0x08003fac                TIM_OC1Init
 .text.TIM_OC2Init
                0x080040a0      0x110 ..\obj\stm32f4xx_tim.o
                0x080040a0                TIM_OC2Init
 .text.TIM_OC3Init
                0x080041b0      0x10c ..\obj\stm32f4xx_tim.o
                0x080041b0                TIM_OC3Init
 .text.TIM_OC4Init
                0x080042bc       0xcc ..\obj\stm32f4xx_tim.o
                0x080042bc                TIM_OC4Init
 .text.TIM_OC1PreloadConfig
                0x08004388       0x38 ..\obj\stm32f4xx_tim.o
                0x08004388                TIM_OC1PreloadConfig
 .text.TIM_OC2PreloadConfig
                0x080043c0       0x3c ..\obj\stm32f4xx_tim.o
                0x080043c0                TIM_OC2PreloadConfig
 .text.TIM_OC3PreloadConfig
                0x080043fc       0x38 ..\obj\stm32f4xx_tim.o
                0x080043fc                TIM_OC3PreloadConfig
 .text.TIM_OC4PreloadConfig
                0x08004434       0x3c ..\obj\stm32f4xx_tim.o
                0x08004434                TIM_OC4PreloadConfig
 .text          0x08004470      0x370 c:/program files (x86)/gnu tools arm embedded/4.8 2014q2/bin/../lib/gcc/arm-none-eabi/4.8.4/armv7e-m\libgcc.a(_arm_addsubdf3.o)
                0x08004470                __aeabi_drsub
                0x08004478                __aeabi_dsub
                0x08004478                __subdf3
                0x0800447c                __aeabi_dadd
                0x0800447c                __adddf3
                0x080046f4                __floatunsidf
                0x080046f4                __aeabi_ui2d
                0x08004714                __floatsidf
                0x08004714                __aeabi_i2d
                0x08004738                __aeabi_f2d
                0x08004738                __extendsfdf2
                0x08004774                __floatundidf
                0x08004774                __aeabi_ul2d
                0x08004784                __floatdidf
                0x08004784                __aeabi_l2d
 .text          0x080047e0      0x424 c:/program files (x86)/gnu tools arm embedded/4.8 2014q2/bin/../lib/gcc/arm-none-eabi/4.8.4/armv7e-m\libgcc.a(_arm_muldivdf3.o)
                0x080047e0                __aeabi_dmul
                0x080047e0                __muldf3
                0x08004a34                __divdf3
                0x08004a34                __aeabi_ddiv
 .text          0x08004c04      0x110 c:/program files (x86)/gnu tools arm embedded/4.8 2014q2/bin/../lib/gcc/arm-none-eabi/4.8.4/armv7e-m\libgcc.a(_arm_cmpdf2.o)
                0x08004c04                __gtdf2
                0x08004c04                __gedf2
                0x08004c0c                __ltdf2
                0x08004c0c                __ledf2
                0x08004c14                __nedf2
                0x08004c14                __eqdf2
                0x08004c14                __cmpdf2
                0x08004c90                __aeabi_cdrcmple
                0x08004ca0                __aeabi_cdcmpeq
                0x08004ca0                __aeabi_cdcmple
                0x08004cb0                __aeabi_dcmpeq
                0x08004cc4                __aeabi_dcmplt
                0x08004cd8                __aeabi_dcmple
                0x08004cec                __aeabi_dcmpge
                0x08004d00                __aeabi_dcmpgt
 .text          0x08004d14       0x40 c:/program files (x86)/gnu tools arm embedded/4.8 2014q2/bin/../lib/gcc/arm-none-eabi/4.8.4/armv7e-m\libgcc.a(_arm_fixunsdfsi.o)
                0x08004d14                __aeabi_d2uiz
                0x08004d14                __fixunsdfsi
 .text          0x08004d54      0x21c c:/program files (x86)/gnu tools arm embedded/4.8 2014q2/bin/../lib/gcc/arm-none-eabi/4.8.4/armv7e-m\libgcc.a(_arm_addsubsf3.o)
                0x08004d54                __aeabi_frsub
                0x08004d5c                __subsf3
                0x08004d5c                __aeabi_fsub
                0x08004d60                __aeabi_fadd
                0x08004d60                __addsf3
                0x08004ec0                __aeabi_ui2f
                0x08004ec0                __floatunsisf
                0x08004ec8                __aeabi_i2f
                0x08004ec8                __floatsisf
                0x08004ee4                __aeabi_ul2f
                0x08004ee4                __floatundisf
                0x08004ef4                __aeabi_l2f
                0x08004ef4                __floatdisf
 .text          0x08004f70      0x2a0 c:/program files (x86)/gnu tools arm embedded/4.8 2014q2/bin/../lib/gcc/arm-none-eabi/4.8.4/armv7e-m\libgcc.a(_arm_muldivsf3.o)
                0x08004f70                __mulsf3
                0x08004f70                __aeabi_fmul
                0x080050d8                __aeabi_fdiv
                0x080050d8                __divsf3
 .text          0x08005210       0xec c:/program files (x86)/gnu tools arm embedded/4.8 2014q2/bin/../lib/gcc/arm-none-eabi/4.8.4/armv7e-m\libgcc.a(_arm_cmpsf2.o)
                0x08005210                __gesf2
                0x08005210                __gtsf2
                0x08005218                __lesf2
                0x08005218                __ltsf2
                0x08005220                __nesf2
                0x08005220                __eqsf2
                0x08005220                __cmpsf2
                0x08005280                __aeabi_cfrcmple
                0x08005288                __aeabi_cfcmpeq
                0x08005288                __aeabi_cfcmple
                0x08005298                __aeabi_fcmpeq
                0x080052ac                __aeabi_fcmplt
                0x080052c0                __aeabi_fcmple
                0x080052d4                __aeabi_fcmpge
                0x080052e8                __aeabi_fcmpgt
 .text          0x080052fc       0x40 c:/program files (x86)/gnu tools arm embedded/4.8 2014q2/bin/../lib/gcc/arm-none-eabi/4.8.4/armv7e-m\libgcc.a(_arm_fixunssfsi.o)
                0x080052fc                __fixunssfsi
                0x080052fc                __aeabi_f2uiz
 *(.init)
 *(.fini)
 *crtbegin.o(.ctors)
 *crtbegin?.o(.ctors)
 *(EXCLUDE_FILE(*crtend.o *crtend?.o) .ctors)
 *(SORT(.ctors.*))
 *(.ctors)
 *crtbegin.o(.dtors)
 *crtbegin?.o(.dtors)
 *(EXCLUDE_FILE(*crtend.o *crtend?.o) .dtors)
 *(SORT(.dtors.*))
 *(.dtors)
 *(.rodata*)
 .rodata        0x0800533c      0x114 ..\obj\main.o
 .rodata        0x08005450        0xc ..\obj\ACSE_math.o
 .rodata        0x0800545c       0x14 ..\obj\infra_path.o
 *(.eh_fram e*)

.glue_7         0x08005470        0x0
 .glue_7        0x00000000        0x0 linker stubs

.glue_7t        0x08005470        0x0
 .glue_7t       0x00000000        0x0 linker stubs

.vfp11_veneer   0x08005470        0x0
 .vfp11_veneer  0x00000000        0x0 linker stubs

.v4_bx          0x08005470        0x0
 .v4_bx         0x00000000        0x0 linker stubs

.iplt           0x08005470        0x0
 .iplt          0x00000000        0x0 ..\obj\tm_stm32f4_servo.o

.rel.dyn        0x08005470        0x0
 .rel.iplt      0x00000000        0x0 ..\obj\tm_stm32f4_servo.o

.ARM.extab
 *(.ARM.extab* .gnu.linkonce.armextab.*)
                0x08005470                __exidx_start = .

.ARM.exidx
 *(.ARM.exidx* .gnu.linkonce.armexidx.*)
                0x08005470                __exidx_end = .
                0x08005470                __etext = .
                0x08005470                _sidata = __etext

.data           0x20000000       0x28 load address 0x08005470
                0x20000000                __data_start__ = .
                0x20000000                _sdata = __data_start__
 *(vtable)
 *(.data*)
 .data          0x20000000        0x4 ..\obj\main.o
                0x20000000                tank_speed_default
 .data          0x20000004       0x10 ..\obj\stm32f4xx_rcc.o
 .data          0x20000014       0x14 ..\obj\system_stm32f4xx.o
                0x20000014                SystemCoreClock
                0x20000018                AHBPrescTable
                0x20000028                . = ALIGN (0x4)
                0x20000028                PROVIDE (__preinit_array_start, .)
 *(.preinit_array)
                0x20000028                PROVIDE (__preinit_array_end, .)
                0x20000028                . = ALIGN (0x4)
                0x20000028                PROVIDE (__init_array_start, .)
 *(SORT(.init_array.*))
 *(.init_array)
                0x20000028                PROVIDE (__init_array_end, .)
                0x20000028                . = ALIGN (0x4)
                0x20000028                PROVIDE (__fini_array_start, .)
 *(SORT(.fini_array.*))
 *(.fini_array)
                0x20000028                PROVIDE (__fini_array_end, .)
 *(.jcr*)
                0x20000028                . = ALIGN (0x4)
                0x20000028                __data_end__ = .
                0x20000028                _edata = __data_end__

.igot.plt       0x20000028        0x0 load address 0x08005498
 .igot.plt      0x00000000        0x0 ..\obj\tm_stm32f4_servo.o

.bss            0x20000028      0x1ec load address 0x08005498
                0x20000028                . = ALIGN (0x4)
                0x20000028                __bss_start__ = .
                0x20000028                _sbss = __bss_start__
 *(.bss*)
 .bss           0x20000028       0x14 ..\obj\main.o
                0x20000034                i
                0x20000038                scanned
 .bss           0x2000003c       0x30 ..\obj\tm_stm32f4_usart.o
                0x2000003c                tm_usart_buf_in
                0x2000004c                tm_usart_buf_out
                0x2000005c                tm_usart_buf_num
 .bss           0x2000006c       0x10 ..\obj\tm_stm32f4_delay.o
                0x20000078                TM_DELAY_Initialized
 .bss           0x2000007c       0x28 ..\obj\infra_path.o
                0x20000088                temp
                0x2000008c                temp2
                0x20000090                u
                0x20000094                i2
                0x20000098                var
                0x2000009c                var2
                0x200000a0                deg
 *(COMMON)
 COMMON         0x200000a4       0x40 ..\obj\main.o
                0x200000a4                tank_speed
                0x200000a8                c
                0x200000ac                str
                0x200000d4                TIM3_Data
 COMMON         0x200000e4      0x100 ..\obj\tm_stm32f4_usart.o
                0x200000e4                TM_USART_Buffer
 COMMON         0x200001e4       0x30 ..\obj\infra_path.o
                0x200001e4                Servo1
                0x200001fc                Servo2
                0x20000214                . = ALIGN (0x4)
                0x20000214                __bss_end__ = .
                0x20000214                _ebss = __bss_end__

.heap           0x20000214        0x0
                0x20000214                __end__ = .
                0x20000214                _end = __end__
                0x20000214                end = __end__
 *(.heap*)
                0x20000214                __HeapLimit = .

.co_stack       0x20000214      0x804 load address 0x08005684
                0x20000218                . = ALIGN (0x8)
 *fill*         0x20000214        0x4 
 *(.co_stack .co_stack.*)
 .co_stack      0x20000218      0x800 ..\obj\startup_stm32f4xx.o
                0x20000218                pulStack
                0x20010000                __StackTop = (ORIGIN (ram) + 0x10000)
                0x2000f7fc                __StackLimit = (__StackTop - SIZEOF (.co_stack))
                0x20010000                PROVIDE (__stack, __StackTop)
                0x00000001                ASSERT ((__StackLimit >= __HeapLimit), region ram  overflowed with stack)
LOAD ..\obj\tm_stm32f4_servo.o
LOAD ..\obj\stm32f4xx_usart.o
LOAD ..\obj\tm_stm32f4_adc.o
LOAD ..\obj\tm_stm32f4_disco.o
LOAD ..\obj\startup_stm32f4xx.o
LOAD ..\obj\main.o
LOAD ..\obj\stm32f4xx_rcc.o
LOAD ..\obj\tm_stm32f4_usart.o
LOAD ..\obj\stm32f4xx_adc.o
LOAD ..\obj\printf.o
LOAD ..\obj\tm_stm32f4_delay.o
LOAD ..\obj\ACSE_math.o
LOAD ..\obj\stm32f4xx_gpio.o
LOAD ..\obj\system_stm32f4xx.o
LOAD ..\obj\syscalls.o
LOAD ..\obj\tm_stm32f4_pwm.o
LOAD ..\obj\infra_path.o
LOAD ..\obj\misc.o
LOAD ..\obj\tm_stm32f4_timer_properties.o
LOAD ..\obj\stm32f4xx_tim.o
START GROUP
LOAD c:/program files (x86)/gnu tools arm embedded/4.8 2014q2/bin/../lib/gcc/arm-none-eabi/4.8.4/armv7e-m\libgcc.a
LOAD c:/program files (x86)/gnu tools arm embedded/4.8 2014q2/bin/../lib/gcc/arm-none-eabi/4.8.4/../../../../arm-none-eabi/lib/armv7e-m\libg.a
LOAD c:/program files (x86)/gnu tools arm embedded/4.8 2014q2/bin/../lib/gcc/arm-none-eabi/4.8.4/../../../../arm-none-eabi/lib/armv7e-m\libc.a
END GROUP
OUTPUT(tank.elf elf32-littlearm)

.debug_info     0x00000000     0x8f85
 .debug_info    0x00000000      0x4b2 ..\obj\tm_stm32f4_servo.o
 .debug_info    0x000004b2      0x9c2 ..\obj\stm32f4xx_usart.o
 .debug_info    0x00000e74      0x846 ..\obj\tm_stm32f4_adc.o
 .debug_info    0x000016ba       0xed ..\obj\startup_stm32f4xx.o
 .debug_info    0x000017a7      0x772 ..\obj\main.o
 .debug_info    0x00001f19      0xc4d ..\obj\stm32f4xx_rcc.o
 .debug_info    0x00002b66      0xa42 ..\obj\tm_stm32f4_usart.o
 .debug_info    0x000035a8      0xc38 ..\obj\stm32f4xx_adc.o
 .debug_info    0x000041e0      0x7c9 ..\obj\tm_stm32f4_delay.o
 .debug_info    0x000049a9       0xac ..\obj\ACSE_math.o
 .debug_info    0x00004a55      0x602 ..\obj\stm32f4xx_gpio.o
 .debug_info    0x00005057      0x592 ..\obj\system_stm32f4xx.o
 .debug_info    0x000055e9      0xc40 ..\obj\tm_stm32f4_pwm.o
 .debug_info    0x00006229      0x745 ..\obj\infra_path.o
 .debug_info    0x0000696e      0x53d ..\obj\misc.o
 .debug_info    0x00006eab      0x479 ..\obj\tm_stm32f4_timer_properties.o
 .debug_info    0x00007324     0x1c61 ..\obj\stm32f4xx_tim.o

.debug_abbrev   0x00000000     0x172e
 .debug_abbrev  0x00000000       0xfa ..\obj\tm_stm32f4_servo.o
 .debug_abbrev  0x000000fa      0x155 ..\obj\stm32f4xx_usart.o
 .debug_abbrev  0x0000024f      0x165 ..\obj\tm_stm32f4_adc.o
 .debug_abbrev  0x000003b4       0xb0 ..\obj\startup_stm32f4xx.o
 .debug_abbrev  0x00000464      0x17a ..\obj\main.o
 .debug_abbrev  0x000005de      0x1e3 ..\obj\stm32f4xx_rcc.o
 .debug_abbrev  0x000007c1      0x1f7 ..\obj\tm_stm32f4_usart.o
 .debug_abbrev  0x000009b8      0x196 ..\obj\stm32f4xx_adc.o
 .debug_abbrev  0x00000b4e      0x1cf ..\obj\tm_stm32f4_delay.o
 .debug_abbrev  0x00000d1d       0x93 ..\obj\ACSE_math.o
 .debug_abbrev  0x00000db0      0x1a3 ..\obj\stm32f4xx_gpio.o
 .debug_abbrev  0x00000f53      0x136 ..\obj\system_stm32f4xx.o
 .debug_abbrev  0x00001089      0x153 ..\obj\tm_stm32f4_pwm.o
 .debug_abbrev  0x000011dc      0x17f ..\obj\infra_path.o
 .debug_abbrev  0x0000135b      0x145 ..\obj\misc.o
 .debug_abbrev  0x000014a0      0x107 ..\obj\tm_stm32f4_timer_properties.o
 .debug_abbrev  0x000015a7      0x187 ..\obj\stm32f4xx_tim.o

.debug_aranges  0x00000000      0xb68
 .debug_aranges
                0x00000000       0x30 ..\obj\tm_stm32f4_servo.o
 .debug_aranges
                0x00000030      0x100 ..\obj\stm32f4xx_usart.o
 .debug_aranges
                0x00000130       0xd0 ..\obj\tm_stm32f4_adc.o
 .debug_aranges
                0x00000200       0x28 ..\obj\startup_stm32f4xx.o
 .debug_aranges
                0x00000228       0x48 ..\obj\main.o
 .debug_aranges
                0x00000270      0x178 ..\obj\stm32f4xx_rcc.o
 .debug_aranges
                0x000003e8       0xa8 ..\obj\tm_stm32f4_usart.o
 .debug_aranges
                0x00000490      0x148 ..\obj\stm32f4xx_adc.o
 .debug_aranges
                0x000005d8       0x78 ..\obj\tm_stm32f4_delay.o
 .debug_aranges
                0x00000650       0x20 ..\obj\ACSE_math.o
 .debug_aranges
                0x00000670       0x88 ..\obj\stm32f4xx_gpio.o
 .debug_aranges
                0x000006f8       0x30 ..\obj\system_stm32f4xx.o
 .debug_aranges
                0x00000728       0xa0 ..\obj\tm_stm32f4_pwm.o
 .debug_aranges
                0x000007c8       0x30 ..\obj\infra_path.o
 .debug_aranges
                0x000007f8       0x40 ..\obj\misc.o
 .debug_aranges
                0x00000838       0x38 ..\obj\tm_stm32f4_timer_properties.o
 .debug_aranges
                0x00000870      0x2f8 ..\obj\stm32f4xx_tim.o

.debug_ranges   0x00000000      0xa58
 .debug_ranges  0x00000000       0x20 ..\obj\tm_stm32f4_servo.o
 .debug_ranges  0x00000020       0xf0 ..\obj\stm32f4xx_usart.o
 .debug_ranges  0x00000110       0xc0 ..\obj\tm_stm32f4_adc.o
 .debug_ranges  0x000001d0       0x18 ..\obj\startup_stm32f4xx.o
 .debug_ranges  0x000001e8       0x38 ..\obj\main.o
 .debug_ranges  0x00000220      0x168 ..\obj\stm32f4xx_rcc.o
 .debug_ranges  0x00000388       0x98 ..\obj\tm_stm32f4_usart.o
 .debug_ranges  0x00000420      0x138 ..\obj\stm32f4xx_adc.o
 .debug_ranges  0x00000558       0x68 ..\obj\tm_stm32f4_delay.o
 .debug_ranges  0x000005c0       0x10 ..\obj\ACSE_math.o
 .debug_ranges  0x000005d0       0x78 ..\obj\stm32f4xx_gpio.o
 .debug_ranges  0x00000648       0x20 ..\obj\system_stm32f4xx.o
 .debug_ranges  0x00000668       0x90 ..\obj\tm_stm32f4_pwm.o
 .debug_ranges  0x000006f8       0x20 ..\obj\infra_path.o
 .debug_ranges  0x00000718       0x30 ..\obj\misc.o
 .debug_ranges  0x00000748       0x28 ..\obj\tm_stm32f4_timer_properties.o
 .debug_ranges  0x00000770      0x2e8 ..\obj\stm32f4xx_tim.o

.debug_line     0x00000000     0x3d1e
 .debug_line    0x00000000      0x1fd ..\obj\tm_stm32f4_servo.o
 .debug_line    0x000001fd      0x48d ..\obj\stm32f4xx_usart.o
 .debug_line    0x0000068a      0x419 ..\obj\tm_stm32f4_adc.o
 .debug_line    0x00000aa3       0x98 ..\obj\startup_stm32f4xx.o
 .debug_line    0x00000b3b      0x32b ..\obj\main.o
 .debug_line    0x00000e66      0x585 ..\obj\stm32f4xx_rcc.o
 .debug_line    0x000013eb      0x3e8 ..\obj\tm_stm32f4_usart.o
 .debug_line    0x000017d3      0x53d ..\obj\stm32f4xx_adc.o
 .debug_line    0x00001d10      0x2cc ..\obj\tm_stm32f4_delay.o
 .debug_line    0x00001fdc       0x7f ..\obj\ACSE_math.o
 .debug_line    0x0000205b      0x32a ..\obj\stm32f4xx_gpio.o
 .debug_line    0x00002385      0x1e4 ..\obj\system_stm32f4xx.o
 .debug_line    0x00002569      0x5f5 ..\obj\tm_stm32f4_pwm.o
 .debug_line    0x00002b5e      0x28d ..\obj\infra_path.o
 .debug_line    0x00002deb      0x230 ..\obj\misc.o
 .debug_line    0x0000301b      0x2b3 ..\obj\tm_stm32f4_timer_properties.o
 .debug_line    0x000032ce      0xa50 ..\obj\stm32f4xx_tim.o

.debug_str      0x00000000     0x37a0
 .debug_str     0x00000000      0x42f ..\obj\tm_stm32f4_servo.o
                                0x4a7 (size before relaxing)
 .debug_str     0x0000042f      0x4b8 ..\obj\stm32f4xx_usart.o
                                0x686 (size before relaxing)
 .debug_str     0x000008e7      0x57e ..\obj\tm_stm32f4_adc.o
                                0x705 (size before relaxing)
 .debug_str     0x00000e65       0xa7 ..\obj\startup_stm32f4xx.o
                                0x13e (size before relaxing)
 .debug_str     0x00000f0c      0x1bd ..\obj\main.o
                                0x665 (size before relaxing)
 .debug_str     0x000010c9      0x5da ..\obj\stm32f4xx_rcc.o
                                0x847 (size before relaxing)
 .debug_str     0x000016a3      0x77c ..\obj\tm_stm32f4_usart.o
                                0xbc3 (size before relaxing)
 .debug_str     0x00001e1f      0x4d9 ..\obj\stm32f4xx_adc.o
                                0x7fb (size before relaxing)
 .debug_str     0x000022f8      0x1c8 ..\obj\tm_stm32f4_delay.o
                                0x879 (size before relaxing)
 .debug_str     0x000024c0       0x3d ..\obj\ACSE_math.o
                                 0xc7 (size before relaxing)
 .debug_str     0x000024fd      0x184 ..\obj\stm32f4xx_gpio.o
                                0x49a (size before relaxing)
 .debug_str     0x00002681       0xab ..\obj\system_stm32f4xx.o
                                0x3a1 (size before relaxing)
 .debug_str     0x0000272c      0x34d ..\obj\tm_stm32f4_pwm.o
                                0x8e3 (size before relaxing)
 .debug_str     0x00002a79       0x75 ..\obj\infra_path.o
                                0x470 (size before relaxing)
 .debug_str     0x00002aee       0xf3 ..\obj\misc.o
                                0x3c5 (size before relaxing)
 .debug_str     0x00002be1      0x1cf ..\obj\tm_stm32f4_timer_properties.o
                                0x4ce (size before relaxing)
 .debug_str     0x00002db0      0x9f0 ..\obj\stm32f4xx_tim.o
                                0xdc7 (size before relaxing)

.comment        0x00000000       0x70
 .comment       0x00000000       0x70 ..\obj\tm_stm32f4_servo.o
                                 0x71 (size before relaxing)
 .comment       0x00000000       0x71 ..\obj\stm32f4xx_usart.o
 .comment       0x00000000       0x71 ..\obj\tm_stm32f4_adc.o
 .comment       0x00000000       0x71 ..\obj\startup_stm32f4xx.o
 .comment       0x00000000       0x71 ..\obj\main.o
 .comment       0x00000000       0x71 ..\obj\stm32f4xx_rcc.o
 .comment       0x00000000       0x71 ..\obj\tm_stm32f4_usart.o
 .comment       0x00000000       0x71 ..\obj\stm32f4xx_adc.o
 .comment       0x00000000       0x71 ..\obj\tm_stm32f4_delay.o
 .comment       0x00000000       0x71 ..\obj\ACSE_math.o
 .comment       0x00000000       0x71 ..\obj\stm32f4xx_gpio.o
 .comment       0x00000000       0x71 ..\obj\system_stm32f4xx.o
 .comment       0x00000000       0x71 ..\obj\tm_stm32f4_pwm.o
 .comment       0x00000000       0x71 ..\obj\infra_path.o
 .comment       0x00000000       0x71 ..\obj\misc.o
 .comment       0x00000000       0x71 ..\obj\tm_stm32f4_timer_properties.o
 .comment       0x00000000       0x71 ..\obj\stm32f4xx_tim.o

.ARM.attributes
                0x00000000       0x33
 .ARM.attributes
                0x00000000       0x33 ..\obj\tm_stm32f4_servo.o
 .ARM.attributes
                0x00000033       0x33 ..\obj\stm32f4xx_usart.o
 .ARM.attributes
                0x00000066       0x33 ..\obj\tm_stm32f4_adc.o
 .ARM.attributes
                0x00000099       0x33 ..\obj\startup_stm32f4xx.o
 .ARM.attributes
                0x000000cc       0x33 ..\obj\main.o
 .ARM.attributes
                0x000000ff       0x33 ..\obj\stm32f4xx_rcc.o
 .ARM.attributes
                0x00000132       0x33 ..\obj\tm_stm32f4_usart.o
 .ARM.attributes
                0x00000165       0x33 ..\obj\stm32f4xx_adc.o
 .ARM.attributes
                0x00000198       0x33 ..\obj\tm_stm32f4_delay.o
 .ARM.attributes
                0x000001cb       0x33 ..\obj\ACSE_math.o
 .ARM.attributes
                0x000001fe       0x33 ..\obj\stm32f4xx_gpio.o
 .ARM.attributes
                0x00000231       0x33 ..\obj\system_stm32f4xx.o
 .ARM.attributes
                0x00000264       0x33 ..\obj\tm_stm32f4_pwm.o
 .ARM.attributes
                0x00000297       0x33 ..\obj\infra_path.o
 .ARM.attributes
                0x000002ca       0x33 ..\obj\misc.o
 .ARM.attributes
                0x000002fd       0x33 ..\obj\tm_stm32f4_timer_properties.o
 .ARM.attributes
                0x00000330       0x33 ..\obj\stm32f4xx_tim.o
 .ARM.attributes
                0x00000363       0x1e c:/program files (x86)/gnu tools arm embedded/4.8 2014q2/bin/../lib/gcc/arm-none-eabi/4.8.4/armv7e-m\libgcc.a(_arm_addsubdf3.o)
 .ARM.attributes
                0x00000381       0x1e c:/program files (x86)/gnu tools arm embedded/4.8 2014q2/bin/../lib/gcc/arm-none-eabi/4.8.4/armv7e-m\libgcc.a(_arm_muldivdf3.o)
 .ARM.attributes
                0x0000039f       0x1e c:/program files (x86)/gnu tools arm embedded/4.8 2014q2/bin/../lib/gcc/arm-none-eabi/4.8.4/armv7e-m\libgcc.a(_arm_cmpdf2.o)
 .ARM.attributes
                0x000003bd       0x1e c:/program files (x86)/gnu tools arm embedded/4.8 2014q2/bin/../lib/gcc/arm-none-eabi/4.8.4/armv7e-m\libgcc.a(_arm_fixunsdfsi.o)
 .ARM.attributes
                0x000003db       0x1e c:/program files (x86)/gnu tools arm embedded/4.8 2014q2/bin/../lib/gcc/arm-none-eabi/4.8.4/armv7e-m\libgcc.a(_arm_addsubsf3.o)
 .ARM.attributes
                0x000003f9       0x1e c:/program files (x86)/gnu tools arm embedded/4.8 2014q2/bin/../lib/gcc/arm-none-eabi/4.8.4/armv7e-m\libgcc.a(_arm_muldivsf3.o)
 .ARM.attributes
                0x00000417       0x1e c:/program files (x86)/gnu tools arm embedded/4.8 2014q2/bin/../lib/gcc/arm-none-eabi/4.8.4/armv7e-m\libgcc.a(_arm_cmpsf2.o)
 .ARM.attributes
                0x00000435       0x1e c:/program files (x86)/gnu tools arm embedded/4.8 2014q2/bin/../lib/gcc/arm-none-eabi/4.8.4/armv7e-m\libgcc.a(_arm_fixunssfsi.o)

.debug_frame    0x00000000     0x2474
 .debug_frame   0x00000000       0x74 ..\obj\tm_stm32f4_servo.o
 .debug_frame   0x00000074      0x344 ..\obj\stm32f4xx_usart.o
 .debug_frame   0x000003b8      0x2e8 ..\obj\tm_stm32f4_adc.o
 .debug_frame   0x000006a0       0x48 ..\obj\startup_stm32f4xx.o
 .debug_frame   0x000006e8       0xc0 ..\obj\main.o
 .debug_frame   0x000007a8      0x4d8 ..\obj\stm32f4xx_rcc.o
 .debug_frame   0x00000c80      0x230 ..\obj\tm_stm32f4_usart.o
 .debug_frame   0x00000eb0      0x434 ..\obj\stm32f4xx_adc.o
 .debug_frame   0x000012e4      0x150 ..\obj\tm_stm32f4_delay.o
 .debug_frame   0x00001434       0x2c ..\obj\ACSE_math.o
 .debug_frame   0x00001460      0x19c ..\obj\stm32f4xx_gpio.o
 .debug_frame   0x000015fc       0x64 ..\obj\system_stm32f4xx.o
 .debug_frame   0x00001660      0x230 ..\obj\tm_stm32f4_pwm.o
 .debug_frame   0x00001890       0x7c ..\obj\infra_path.o
 .debug_frame   0x0000190c       0x9c ..\obj\misc.o
 .debug_frame   0x000019a8       0x90 ..\obj\tm_stm32f4_timer_properties.o
 .debug_frame   0x00001a38      0xa3c ..\obj\stm32f4xx_tim.o
