Archive member included because of file (symbol)

c:/program files (x86)/gnu tools arm embedded/4.9 2014q4/bin/../lib/gcc/arm-none-eabi/4.9.3/armv7e-m/fpu\libgcc.a(_arm_addsubdf3.o)
                              ..\obj\tm_stm32f4_pwm.o (__aeabi_ui2d)
c:/program files (x86)/gnu tools arm embedded/4.9 2014q4/bin/../lib/gcc/arm-none-eabi/4.9.3/armv7e-m/fpu\libgcc.a(_arm_muldivdf3.o)
                              ..\obj\tm_stm32f4_pwm.o (__aeabi_ddiv)
c:/program files (x86)/gnu tools arm embedded/4.9 2014q4/bin/../lib/gcc/arm-none-eabi/4.9.3/armv7e-m/fpu\libgcc.a(_arm_cmpdf2.o)
                              ..\obj\tm_stm32f4_pwm.o (__aeabi_dcmpeq)
c:/program files (x86)/gnu tools arm embedded/4.9 2014q4/bin/../lib/gcc/arm-none-eabi/4.9.3/armv7e-m/fpu\libgcc.a(_arm_fixunsdfsi.o)
                              ..\obj\tm_stm32f4_pwm.o (__aeabi_d2uiz)
c:/program files (x86)/gnu tools arm embedded/4.9 2014q4/bin/../lib/gcc/arm-none-eabi/4.9.3/armv7e-m/fpu\libgcc.a(_aeabi_uldivmod.o)
                              ..\obj\main.o (__aeabi_uldivmod)
c:/program files (x86)/gnu tools arm embedded/4.9 2014q4/bin/../lib/gcc/arm-none-eabi/4.9.3/armv7e-m/fpu\libgcc.a(bpabi.o)
                              c:/program files (x86)/gnu tools arm embedded/4.9 2014q4/bin/../lib/gcc/arm-none-eabi/4.9.3/armv7e-m/fpu\libgcc.a(_aeabi_uldivmod.o) (__gnu_uldivmod_helper)
c:/program files (x86)/gnu tools arm embedded/4.9 2014q4/bin/../lib/gcc/arm-none-eabi/4.9.3/armv7e-m/fpu\libgcc.a(_dvmd_tls.o)
                              c:/program files (x86)/gnu tools arm embedded/4.9 2014q4/bin/../lib/gcc/arm-none-eabi/4.9.3/armv7e-m/fpu\libgcc.a(_aeabi_uldivmod.o) (__aeabi_ldiv0)
c:/program files (x86)/gnu tools arm embedded/4.9 2014q4/bin/../lib/gcc/arm-none-eabi/4.9.3/armv7e-m/fpu\libgcc.a(_divdi3.o)
                              c:/program files (x86)/gnu tools arm embedded/4.9 2014q4/bin/../lib/gcc/arm-none-eabi/4.9.3/armv7e-m/fpu\libgcc.a(bpabi.o) (__divdi3)
c:/program files (x86)/gnu tools arm embedded/4.9 2014q4/bin/../lib/gcc/arm-none-eabi/4.9.3/armv7e-m/fpu\libgcc.a(_udivdi3.o)
                              c:/program files (x86)/gnu tools arm embedded/4.9 2014q4/bin/../lib/gcc/arm-none-eabi/4.9.3/armv7e-m/fpu\libgcc.a(bpabi.o) (__udivdi3)
c:/program files (x86)/gnu tools arm embedded/4.9 2014q4/bin/../lib/gcc/arm-none-eabi/4.9.3/../../../../arm-none-eabi/lib/armv7e-m/fpu\libc.a(lib_a-memcpy.o)
                              ..\obj\queue.o (memcpy)
c:/program files (x86)/gnu tools arm embedded/4.9 2014q4/bin/../lib/gcc/arm-none-eabi/4.9.3/../../../../arm-none-eabi/lib/armv7e-m/fpu\libc.a(lib_a-memset.o)
                              ..\obj\tasks.o (memset)

Allocating common symbols
Common symbol       size              file

Servo1              0x18              ..\obj\main.o
xQueueRegistry      0x40              ..\obj\queue.o
tank_speed_left     0x4               ..\obj\main.o
TM_USART_Buffer     0x100             ..\obj\tm_stm32f4_usart.o
c                   0x1               ..\obj\main.o
USART2_Stream       0x68              ..\obj\main.o
str                 0x28              ..\obj\main.o
Servo2              0x18              ..\obj\main.o
NVIC_InitStructure  0x4               ..\obj\stm32f4_discovery.o
TIM3_Data           0x10              ..\obj\main.o
tank_speed_right    0x4               ..\obj\main.o

Discarded input sections

 .text          0x00000000        0x0 ..\obj\stm32f4xx_syscfg.o
 .data          0x00000000        0x0 ..\obj\stm32f4xx_syscfg.o
 .bss           0x00000000        0x0 ..\obj\stm32f4xx_syscfg.o
 .text.SYSCFG_DeInit
                0x00000000       0x1c ..\obj\stm32f4xx_syscfg.o
 .text.SYSCFG_MemoryRemapConfig
                0x00000000       0x20 ..\obj\stm32f4xx_syscfg.o
 .text.SYSCFG_EXTILineConfig
                0x00000000       0x84 ..\obj\stm32f4xx_syscfg.o
 .text.SYSCFG_ETH_MediaInterfaceConfig
                0x00000000       0x1c ..\obj\stm32f4xx_syscfg.o
 .text.SYSCFG_CompensationCellCmd
                0x00000000       0x20 ..\obj\stm32f4xx_syscfg.o
 .text.SYSCFG_GetCompensationCellStatus
                0x00000000       0x34 ..\obj\stm32f4xx_syscfg.o
 .debug_info    0x00000000      0x26c ..\obj\stm32f4xx_syscfg.o
 .debug_abbrev  0x00000000      0x131 ..\obj\stm32f4xx_syscfg.o
 .debug_aranges
                0x00000000       0x48 ..\obj\stm32f4xx_syscfg.o
 .debug_ranges  0x00000000       0x38 ..\obj\stm32f4xx_syscfg.o
 .debug_line    0x00000000      0x1d2 ..\obj\stm32f4xx_syscfg.o
 .debug_str     0x00000000      0x2fb ..\obj\stm32f4xx_syscfg.o
 .comment       0x00000000       0x71 ..\obj\stm32f4xx_syscfg.o
 .debug_frame   0x00000000       0xf4 ..\obj\stm32f4xx_syscfg.o
 .ARM.attributes
                0x00000000       0x39 ..\obj\stm32f4xx_syscfg.o
 .text          0x00000000        0x0 ..\obj\tm_stm32f4_servo.o
 .data          0x00000000        0x0 ..\obj\tm_stm32f4_servo.o
 .bss           0x00000000        0x0 ..\obj\tm_stm32f4_servo.o
 .text.TM_SERVO_SetMicros
[...]
Memory Configuration

Name             Origin             Length             Attributes
rom              0x08000000         0x00040000         xr
ram              0x20000000         0x00010000         xrw
*default*        0x00000000         0xffffffff

Linker script and memory map

                0x20010000                _eram = 0x20010000

.text           0x08000000     0x7a08
 *(.isr_vector)
 .isr_vector    0x08000000      0x188 ..\obj\startup_stm32f4xx.o
                0x08000000                g_pfnVectors
 *(.text*)
 .text.TM_SERVO_Init
                0x08000188       0x70 ..\obj\tm_stm32f4_servo.o
                0x08000188                TM_SERVO_Init
 .text.TM_SERVO_SetDegrees
                0x080001f8       0x80 ..\obj\tm_stm32f4_servo.o
                0x080001f8                TM_SERVO_SetDegrees
 .text.USART_Init
                0x08000278      0x178 ..\obj\stm32f4xx_usart.o
                0x08000278                USART_Init
 .text.USART_Cmd
                0x080003f0       0x40 ..\obj\stm32f4xx_usart.o
                0x080003f0                USART_Cmd
 .text.USART_SendData
                0x08000430       0x24 ..\obj\stm32f4xx_usart.o
                0x08000430                USART_SendData
 .text.USART_ITConfig
                0x08000454       0x90 ..\obj\stm32f4xx_usart.o
                0x08000454                USART_ITConfig
 .text.USART_GetFlagStatus
                0x080004e4       0x38 ..\obj\stm32f4xx_usart.o
                0x080004e4                USART_GetFlagStatus
 .text.USART_GetITStatus
                0x0800051c       0xb8 ..\obj\stm32f4xx_usart.o
                0x0800051c                USART_GetITStatus
 .text.TM_ADC_Init
                0x080005d4       0xf8 ..\obj\tm_stm32f4_adc.o
                0x080005d4                TM_ADC_Init
 .text.TM_ADC_InitADC
                0x080006cc       0xac ..\obj\tm_stm32f4_adc.o
                0x080006cc                TM_ADC_InitADC
 .text.TM_ADC_Read
                0x08000778       0x40 ..\obj\tm_stm32f4_adc.o
                0x08000778                TM_ADC_Read
 .text.TM_ADC_INT_Channel_0_Init
                0x080007b8       0x1c ..\obj\tm_stm32f4_adc.o
                0x080007b8                TM_ADC_INT_Channel_0_Init
 .text.TM_ADC_INT_Channel_1_Init
                0x080007d4       0x1c ..\obj\tm_stm32f4_adc.o
                0x080007d4                TM_ADC_INT_Channel_1_Init
 .text.TM_ADC_INT_Channel_2_Init
                0x080007f0       0x1c ..\obj\tm_stm32f4_adc.o
                0x080007f0                TM_ADC_INT_Channel_2_Init
 .text.TM_ADC_INT_Channel_3_Init
                0x0800080c       0x1c ..\obj\tm_stm32f4_adc.o
                0x0800080c                TM_ADC_INT_Channel_3_Init
 .text.TM_ADC_INT_Channel_4_Init
                0x08000828       0x50 ..\obj\tm_stm32f4_adc.o
                0x08000828                TM_ADC_INT_Channel_4_Init
 .text.TM_ADC_INT_Channel_5_Init
                0x08000878       0x50 ..\obj\tm_stm32f4_adc.o
                0x08000878                TM_ADC_INT_Channel_5_Init
 .text.TM_ADC_INT_Channel_6_Init
                0x080008c8       0x54 ..\obj\tm_stm32f4_adc.o
                0x080008c8                TM_ADC_INT_Channel_6_Init
 .text.TM_ADC_INT_Channel_7_Init
                0x0800091c       0x54 ..\obj\tm_stm32f4_adc.o
                0x0800091c                TM_ADC_INT_Channel_7_Init
 .text.TM_ADC_INT_Channel_8_Init
                0x08000970       0x54 ..\obj\tm_stm32f4_adc.o
                0x08000970                TM_ADC_INT_Channel_8_Init
 .text.TM_ADC_INT_Channel_9_Init
                0x080009c4       0x50 ..\obj\tm_stm32f4_adc.o
                0x080009c4                TM_ADC_INT_Channel_9_Init
 .text.TM_ADC_INT_Channel_10_Init
                0x08000a14       0x1c ..\obj\tm_stm32f4_adc.o
                0x08000a14                TM_ADC_INT_Channel_10_Init
 .text.TM_ADC_INT_Channel_11_Init
                0x08000a30       0x1c ..\obj\tm_stm32f4_adc.o
                0x08000a30                TM_ADC_INT_Channel_11_Init
 .text.TM_ADC_INT_Channel_12_Init
                0x08000a4c       0x1c ..\obj\tm_stm32f4_adc.o
                0x08000a4c                TM_ADC_INT_Channel_12_Init
 .text.TM_ADC_INT_Channel_13_Init
                0x08000a68       0x1c ..\obj\tm_stm32f4_adc.o
                0x08000a68                TM_ADC_INT_Channel_13_Init
 .text.TM_ADC_INT_Channel_14_Init
                0x08000a84       0x50 ..\obj\tm_stm32f4_adc.o
                0x08000a84                TM_ADC_INT_Channel_14_Init
 .text.TM_ADC_INT_Channel_15_Init
                0x08000ad4       0x50 ..\obj\tm_stm32f4_adc.o
                0x08000ad4                TM_ADC_INT_Channel_15_Init
 .text.TM_ADC_INT_InitPin
                0x08000b24       0x40 ..\obj\tm_stm32f4_adc.o
                0x08000b24                TM_ADC_INT_InitPin
 .text.Default_Reset_Handler
                0x08000b64       0x68 ..\obj\startup_stm32f4xx.o
                0x08000b64                Default_Reset_Handler
                0x08000b64                Reset_Handler
 .text.Default_Handler
                0x08000bcc        0x8 ..\obj\startup_stm32f4xx.o
                0x08000bcc                RTC_Alarm_IRQHandler
                0x08000bcc                HASH_RNG_IRQHandler
                0x08000bcc                EXTI2_IRQHandler
                0x08000bcc                TIM8_CC_IRQHandler
                0x08000bcc                DebugMon_Handler
                0x08000bcc                TIM1_CC_IRQHandler
                0x08000bcc                DMA2_Stream5_IRQHandler
                0x08000bcc                HardFault_Handler
                0x08000bcc                DMA1_Stream5_IRQHandler
                0x08000bcc                PVD_IRQHandler
                0x08000bcc                SDIO_IRQHandler
                0x08000bcc                TAMP_STAMP_IRQHandler
                0x08000bcc                NMI_Handler
                0x08000bcc                CAN2_RX1_IRQHandler
                0x08000bcc                EXTI3_IRQHandler
                0x08000bcc                TIM8_TRG_COM_TIM14_IRQHandler
                0x08000bcc                TIM1_UP_TIM10_IRQHandler
                0x08000bcc                TIM8_UP_TIM13_IRQHandler
                0x08000bcc                I2C3_ER_IRQHandler
                0x08000bcc                EXTI0_IRQHandler
                0x08000bcc                I2C2_EV_IRQHandler
                0x08000bcc                DMA1_Stream2_IRQHandler
                0x08000bcc                CAN1_RX0_IRQHandler
                0x08000bcc                FPU_IRQHandler
                0x08000bcc                OTG_HS_WKUP_IRQHandler
                0x08000bcc                UsageFault_Handler
                0x08000bcc                CAN2_SCE_IRQHandler
                0x08000bcc                DMA2_Stream2_IRQHandler
                0x08000bcc                SPI1_IRQHandler
                0x08000bcc                TIM6_DAC_IRQHandler
                0x08000bcc                TIM1_BRK_TIM9_IRQHandler
                0x08000bcc                DCMI_IRQHandler
                0x08000bcc                CAN2_RX0_IRQHandler
                0x08000bcc                DMA2_Stream3_IRQHandler
                0x08000bcc                CRYP_IRQHandler
                0x08000bcc                CAN1_RX1_IRQHandler
                0x08000bcc                DMA2_Stream0_IRQHandler
                0x08000bcc                TIM4_IRQHandler
                0x08000bcc                I2C1_EV_IRQHandler
                0x08000bcc                DMA1_Stream6_IRQHandler
                0x08000bcc                DMA1_Stream1_IRQHandler
                0x08000bcc                TIM3_IRQHandler
                0x08000bcc                RCC_IRQHandler
                0x08000bcc                TIM8_BRK_TIM12_IRQHandler
                0x08000bcc                EXTI15_10_IRQHandler
                0x08000bcc                ADC_IRQHandler
                0x08000bcc                DMA1_Stream7_IRQHandler
                0x08000bcc                TIM7_IRQHandler
                0x08000bcc                CAN2_TX_IRQHandler
                0x08000bcc                TIM5_IRQHandler
                0x08000bcc                DMA2_Stream7_IRQHandler
                0x08000bcc                I2C3_EV_IRQHandler
                0x08000bcc                EXTI9_5_IRQHandler
                0x08000bcc                RTC_WKUP_IRQHandler
                0x08000bcc                ETH_WKUP_IRQHandler
                0x08000bcc                SPI2_IRQHandler
                0x08000bcc                OTG_HS_EP1_IN_IRQHandler
                0x08000bcc                MemManage_Handler
                0x08000bcc                DMA1_Stream0_IRQHandler
                0x08000bcc                CAN1_TX_IRQHandler
                0x08000bcc                EXTI4_IRQHandler
                0x08000bcc                FSMC_IRQHandler
                0x08000bcc                ETH_IRQHandler
                0x08000bcc                OTG_HS_EP1_OUT_IRQHandler
                0x08000bcc                WWDG_IRQHandler
                0x08000bcc                TIM2_IRQHandler
                0x08000bcc                OTG_FS_WKUP_IRQHandler
                0x08000bcc                TIM1_TRG_COM_TIM11_IRQHandler
                0x08000bcc                OTG_HS_IRQHandler
                0x08000bcc                EXTI1_IRQHandler
                0x08000bcc                I2C2_ER_IRQHandler
                0x08000bcc                DMA2_Stream1_IRQHandler
                0x08000bcc                CAN1_SCE_IRQHandler
                0x08000bcc                FLASH_IRQHandler
                0x08000bcc                DMA2_Stream4_IRQHandler
                0x08000bcc                BusFault_Handler
                0x08000bcc                OTG_FS_IRQHandler
                0x08000bcc                SPI3_IRQHandler
                0x08000bcc                DMA1_Stream4_IRQHandler
                0x08000bcc                I2C1_ER_IRQHandler
                0x08000bcc                DMA2_Stream6_IRQHandler
                0x08000bcc                DMA1_Stream3_IRQHandler
 .text.STM_EVAL_LEDInit
                0x08000bd4       0x5c ..\obj\stm32f4_discovery.o
                0x08000bd4                STM_EVAL_LEDInit
 .text.STM_EVAL_LEDOn
                0x08000c30       0x30 ..\obj\stm32f4_discovery.o
                0x08000c30                STM_EVAL_LEDOn
 .text.STM_EVAL_LEDOff
                0x08000c60       0x30 ..\obj\stm32f4_discovery.o
                0x08000c60                STM_EVAL_LEDOff
 .text.STM_EVAL_LEDToggle
                0x08000c90       0x3c ..\obj\stm32f4_discovery.o
                0x08000c90                STM_EVAL_LEDToggle
 .text.tank_move
                0x08000ccc       0xf8 ..\obj\main.o
                0x08000ccc                tank_move
 *fill*         0x08000dc4        0x4 
 .text.init_tank_pwm
                0x08000dc8       0x78 ..\obj\main.o
                0x08000dc8                init_tank_pwm
 .text.init_tank_gpio
                0x08000e40       0xb4 ..\obj\main.o
                0x08000e40                init_tank_gpio
 .text.tank_speedsetup
                0x08000ef4      0x13c ..\obj\main.o
                0x08000ef4                tank_speedsetup
 .text.init_tank_speed
                0x08001030       0x34 ..\obj\main.o
                0x08001030                init_tank_speed
 .text.tank_control
                0x08001064      0x104 ..\obj\main.o
                0x08001064                tank_control
 .text.main     0x08001168      0x11c ..\obj\main.o
                0x08001168                main
 .text.vFlashTask
                0x08001284       0x34 ..\obj\main.o
                0x08001284                vFlashTask
 .text.vControlTask
                0x080012b8       0x38 ..\obj\main.o
                0x080012b8                vControlTask
 .text.vDetectTask
                0x080012f0       0x98 ..\obj\main.o
                0x080012f0                vDetectTask
 .text.vScanTask
                0x08001388      0x12c ..\obj\main.o
                0x08001388                vScanTask
 .text.vApplicationTickHook
                0x080014b4       0x24 ..\obj\main.o
                0x080014b4                vApplicationTickHook
 .text.vApplicationIdleHook
                0x080014d8       0x24 ..\obj\main.o
                0x080014d8                vApplicationIdleHook
 .text.vApplicationMallocFailedHook
                0x080014fc       0x1c ..\obj\main.o
                0x080014fc                vApplicationMallocFailedHook
 .text.RCC_GetClocksFreq
                0x08001518      0x154 ..\obj\stm32f4xx_rcc.o
                0x08001518                RCC_GetClocksFreq
 .text.RCC_AHB1PeriphClockCmd
                0x0800166c       0x3c ..\obj\stm32f4xx_rcc.o
                0x0800166c                RCC_AHB1PeriphClockCmd
 .text.RCC_APB1PeriphClockCmd
                0x080016a8       0x3c ..\obj\stm32f4xx_rcc.o
                0x080016a8                RCC_APB1PeriphClockCmd
 .text.RCC_APB2PeriphClockCmd
                0x080016e4       0x3c ..\obj\stm32f4xx_rcc.o
                0x080016e4                RCC_APB2PeriphClockCmd
 .text.xTimerCreateTimerTask
                0x08001720       0x68 ..\obj\timers.o
                0x08001720                xTimerCreateTimerTask
 .text.xTimerGenericCommand
                0x08001788       0x8c ..\obj\timers.o
                0x08001788                xTimerGenericCommand
 .text.prvProcessExpiredTimer
                0x08001814       0x80 ..\obj\timers.o
 .text.prvTimerTask
                0x08001894       0x24 ..\obj\timers.o
 .text.prvProcessTimerOrBlockTask
                0x080018b8       0x7c ..\obj\timers.o
 .text.prvGetNextExpireTime
                0x08001934       0x48 ..\obj\timers.o
 .text.prvSampleTimeNow
                0x0800197c       0x40 ..\obj\timers.o
 .text.prvInsertTimerInActiveList
                0x080019bc       0x84 ..\obj\timers.o
 .text.prvProcessReceivedCommands
                0x08001a40      0x12c ..\obj\timers.o
 .text.prvSwitchTimerLists
                0x08001b6c       0xc0 ..\obj\timers.o
 .text.prvCheckForValidListAndQueue
                0x08001c2c       0x8c ..\obj\timers.o
 .text.TM_USART_Init
                0x08001cb8       0xd8 ..\obj\tm_stm32f4_usart.o
                0x08001cb8                TM_USART_Init
 .text.TM_USART1_InitPins
                0x08001d90       0x98 ..\obj\tm_stm32f4_usart.o
                0x08001d90                TM_USART1_InitPins
 .text.TM_USART2_InitPins
                0x08001e28       0x98 ..\obj\tm_stm32f4_usart.o
                0x08001e28                TM_USART2_InitPins
 .text.TM_USART6_InitPins
                0x08001ec0       0x98 ..\obj\tm_stm32f4_usart.o
                0x08001ec0                TM_USART6_InitPins
 .text.TM_USART_Putc
                0x08001f58       0x30 ..\obj\tm_stm32f4_usart.o
                0x08001f58                TM_USART_Putc
 .text.TM_USART_Puts
                0x08001f88       0x2c ..\obj\tm_stm32f4_usart.o
                0x08001f88                TM_USART_Puts
 .text.USART1_IRQHandler
                0x08001fb4       0x2c ..\obj\tm_stm32f4_usart.o
                0x08001fb4                USART1_IRQHandler
 .text.USART2_IRQHandler
                0x08001fe0       0x2c ..\obj\tm_stm32f4_usart.o
                0x08001fe0                USART2_IRQHandler
 .text.USART3_IRQHandler
                0x0800200c       0x2c ..\obj\tm_stm32f4_usart.o
                0x0800200c                USART3_IRQHandler
 .text.UART4_IRQHandler
                0x08002038       0x2c ..\obj\tm_stm32f4_usart.o
                0x08002038                UART4_IRQHandler
 .text.UART5_IRQHandler
                0x08002064       0x2c ..\obj\tm_stm32f4_usart.o
                0x08002064                UART5_IRQHandler
 .text.USART6_IRQHandler
                0x08002090       0x2c ..\obj\tm_stm32f4_usart.o
                0x08002090                USART6_IRQHandler
 .text.TM_USART_InsertToBuffer
                0x080020bc       0x88 ..\obj\tm_stm32f4_usart.o
                0x080020bc                TM_USART_InsertToBuffer
 .text.TM_USART_Getc
                0x08002144       0xa4 ..\obj\tm_stm32f4_usart.o
                0x08002144                TM_USART_Getc
 .text.TM_USART_GetUsartNumber
                0x080021e8       0x78 ..\obj\tm_stm32f4_usart.o
                0x080021e8                TM_USART_GetUsartNumber
 .text.ADC_Init
                0x08002260       0xa8 ..\obj\stm32f4xx_adc.o
                0x08002260                ADC_Init
 .text.ADC_CommonInit
                0x08002308       0x50 ..\obj\stm32f4xx_adc.o
                0x08002308                ADC_CommonInit
 .text.ADC_Cmd  0x08002358       0x38 ..\obj\stm32f4xx_adc.o
                0x08002358                ADC_Cmd
 .text.ADC_RegularChannelConfig
                0x08002390      0x194 ..\obj\stm32f4xx_adc.o
                0x08002390                ADC_RegularChannelConfig
 .text.ADC_SoftwareStartConv
                0x08002524       0x20 ..\obj\stm32f4xx_adc.o
                0x08002524                ADC_SoftwareStartConv
 .text.ADC_GetConversionValue
                0x08002544       0x1c ..\obj\stm32f4xx_adc.o
                0x08002544                ADC_GetConversionValue
 .text.ADC_GetFlagStatus
                0x08002560       0x34 ..\obj\stm32f4xx_adc.o
                0x08002560                ADC_GetFlagStatus
 .text.xTaskGenericCreate
                0x08002594      0x1a4 ..\obj\tasks.o
                0x08002594                xTaskGenericCreate
 .text.vTaskDelay
                0x08002738       0xa4 ..\obj\tasks.o
                0x08002738                vTaskDelay
 .text.vTaskStartScheduler
                0x080027dc       0x8c ..\obj\tasks.o
                0x080027dc                vTaskStartScheduler
 .text.vTaskSuspendAll
                0x08002868       0x1c ..\obj\tasks.o
                0x08002868                vTaskSuspendAll
 .text.xTaskResumeAll
                0x08002884      0x12c ..\obj\tasks.o
                0x08002884                xTaskResumeAll
 .text.xTaskGetTickCount
                0x080029b0       0x20 ..\obj\tasks.o
                0x080029b0                xTaskGetTickCount
 .text.xTaskIncrementTick
                0x080029d0      0x190 ..\obj\tasks.o
                0x080029d0                xTaskIncrementTick
 .text.vTaskSwitchContext
                0x08002b60       0xb4 ..\obj\tasks.o
                0x08002b60                vTaskSwitchContext
 .text.vTaskPlaceOnEventList
                0x08002c14       0x9c ..\obj\tasks.o
                0x08002c14                vTaskPlaceOnEventList
 .text.vTaskPlaceOnEventListRestricted
                0x08002cb0       0x80 ..\obj\tasks.o
                0x08002cb0                vTaskPlaceOnEventListRestricted
 .text.xTaskRemoveFromEventList
                0x08002d30       0xc8 ..\obj\tasks.o
                0x08002d30                xTaskRemoveFromEventList
 .text.vTaskSetTimeOutState
                0x08002df8       0x44 ..\obj\tasks.o
                0x08002df8                vTaskSetTimeOutState
 .text.xTaskCheckForTimeOut
                0x08002e3c       0xbc ..\obj\tasks.o
                0x08002e3c                xTaskCheckForTimeOut
 .text.vTaskMissedYield
                0x08002ef8       0x18 ..\obj\tasks.o
                0x08002ef8                vTaskMissedYield
 .text.prvIdleTask
                0x08002f10       0x34 ..\obj\tasks.o
 .text.prvInitialiseTCBVariables
                0x08002f44       0xa4 ..\obj\tasks.o
 .text.prvInitialiseTaskLists
                0x08002fe8       0x7c ..\obj\tasks.o
 .text.prvCheckTasksWaitingTermination
                0x08003064       0x74 ..\obj\tasks.o
 .text.prvAddCurrentTaskToDelayedList
                0x080030d8       0x6c ..\obj\tasks.o
 .text.prvAllocateTCBAndStack
                0x08003144       0x70 ..\obj\tasks.o
 .text.prvDeleteTCB
                0x080031b4       0x20 ..\obj\tasks.o
 .text.prvResetNextTaskUnblockTime
                0x080031d4       0x48 ..\obj\tasks.o
 .text.xTaskGetSchedulerState
                0x0800321c       0x3c ..\obj\tasks.o
                0x0800321c                xTaskGetSchedulerState
 .text.vTaskPriorityInherit
                0x08003258       0xf0 ..\obj\tasks.o
                0x08003258                vTaskPriorityInherit
 .text.xTaskPriorityDisinherit
                0x08003348       0xe8 ..\obj\tasks.o
                0x08003348                xTaskPriorityDisinherit
 .text.pvTaskIncrementMutexHeldCount
                0x08003430       0x28 ..\obj\tasks.o
                0x08003430                pvTaskIncrementMutexHeldCount
 .text.itoa     0x08003458       0xb4 ..\obj\ACSE_math.o
                0x08003458                itoa
 .text.GPIO_Init
                0x0800350c      0x11c ..\obj\stm32f4xx_gpio.o
                0x0800350c                GPIO_Init
 .text.GPIO_ReadInputDataBit
                0x08003628       0x34 ..\obj\stm32f4xx_gpio.o
                0x08003628                GPIO_ReadInputDataBit
 .text.GPIO_SetBits
                0x0800365c       0x1c ..\obj\stm32f4xx_gpio.o
                0x0800365c                GPIO_SetBits
 .text.GPIO_ResetBits
                0x08003678       0x1c ..\obj\stm32f4xx_gpio.o
                0x08003678                GPIO_ResetBits
 .text.GPIO_PinAFConfig
                0x08003694       0x90 ..\obj\stm32f4xx_gpio.o
                0x08003694                GPIO_PinAFConfig
 .text.vListInitialise
                0x08003724       0x40 ..\obj\list.o
                0x08003724                vListInitialise
 .text.vListInitialiseItem
                0x08003764       0x18 ..\obj\list.o
                0x08003764                vListInitialiseItem
 .text.vListInsertEnd
                0x0800377c       0x48 ..\obj\list.o
                0x0800377c                vListInsertEnd
 .text.vListInsert
                0x080037c4       0x70 ..\obj\list.o
                0x080037c4                vListInsert
 .text.uxListRemove
                0x08003834       0x54 ..\obj\list.o
                0x08003834                uxListRemove
 .text.SystemInit
                0x08003888       0x68 ..\obj\system_stm32f4xx.o
                0x08003888                SystemInit
 .text.SetSysClock
                0x080038f0       0xf4 ..\obj\system_stm32f4xx.o
 .text.pxPortInitialiseStack
                0x080039e4       0x64 ..\obj\port.o
                0x080039e4                pxPortInitialiseStack
 .text.prvTaskExitError
                0x08003a48       0x3c ..\obj\port.o
 .text.SVC_Handler
                0x08003a84       0x20 ..\obj\port.o
                0x08003a84                SVC_Handler
 .text.prvPortStartFirstTask
                0x08003aa4       0x20 ..\obj\port.o
 .text.xPortStartScheduler
                0x08003ac4       0xd0 ..\obj\port.o
                0x08003ac4                xPortStartScheduler
 .text.vPortEnterCritical
                0x08003b94       0x5c ..\obj\port.o
                0x08003b94                vPortEnterCritical
 .text.vPortExitCritical
                0x08003bf0       0x4c ..\obj\port.o
                0x08003bf0                vPortExitCritical
 .text.PendSV_Handler
                0x08003c3c       0x60 ..\obj\port.o
                0x08003c3c                PendSV_Handler
 .text.SysTick_Handler
                0x08003c9c       0x44 ..\obj\port.o
                0x08003c9c                SysTick_Handler
 .text.vPortSetupTimerInterrupt
                0x08003ce0       0x34 ..\obj\port.o
                0x08003ce0                vPortSetupTimerInterrupt
 .text.vPortEnableVFP
                0x08003d14       0x14 ..\obj\port.o
 .text.vPortValidateInterruptPriority
                0x08003d28       0x78 ..\obj\port.o
                0x08003d28                vPortValidateInterruptPriority
 .text.xQueueGenericReset
                0x08003da0       0xd0 ..\obj\queue.o
                0x08003da0                xQueueGenericReset
 .text.xQueueGenericCreate
                0x08003e70       0xb8 ..\obj\queue.o
                0x08003e70                xQueueGenericCreate
 .text.xQueueGenericSend
                0x08003f28      0x1ec ..\obj\queue.o
                0x08003f28                xQueueGenericSend
 .text.xQueueGenericSendFromISR
                0x08004114      0x118 ..\obj\queue.o
                0x08004114                xQueueGenericSendFromISR
 .text.xQueueGenericReceive
                0x0800422c      0x20c ..\obj\queue.o
                0x0800422c                xQueueGenericReceive
 .text.prvCopyDataToQueue
                0x08004438       0xdc ..\obj\queue.o
 .text.prvCopyDataFromQueue
                0x08004514       0x4c ..\obj\queue.o
 .text.prvUnlockQueue
                0x08004560       0x98 ..\obj\queue.o
 .text.prvIsQueueEmpty
                0x080045f8       0x2c ..\obj\queue.o
 .text.prvIsQueueFull
                0x08004624       0x30 ..\obj\queue.o
 .text.vQueueAddToRegistry
                0x08004654       0x50 ..\obj\queue.o
                0x08004654                vQueueAddToRegistry
 .text.vQueueWaitForMessageRestricted
                0x080046a4       0x58 ..\obj\queue.o
                0x080046a4                vQueueWaitForMessageRestricted
 *fill*         0x080046fc        0x4 
 .text.TM_PWM_InitTimer
                0x08004700      0x110 ..\obj\tm_stm32f4_pwm.o
                0x08004700                TM_PWM_InitTimer
 .text.TM_PWM_InitChannel
                0x08004810      0x168 ..\obj\tm_stm32f4_pwm.o
                0x08004810                TM_PWM_InitChannel
 .text.TM_PWM_SetChannel
                0x08004978       0xb0 ..\obj\tm_stm32f4_pwm.o
                0x08004978                TM_PWM_SetChannel
 .text.TM_PWM_SetChannelPercent
                0x08004a28       0x98 ..\obj\tm_stm32f4_pwm.o
                0x08004a28                TM_PWM_SetChannelPercent
 .text.TM_PWM_SetChannelMicros
                0x08004ac0       0x48 ..\obj\tm_stm32f4_pwm.o
                0x08004ac0                TM_PWM_SetChannelMicros
 .text.TM_PWM_INT_InitTIM1Pins
                0x08004b08      0x1f8 ..\obj\tm_stm32f4_pwm.o
                0x08004b08                TM_PWM_INT_InitTIM1Pins
 .text.TM_PWM_INT_InitTIM2Pins
                0x08004d00      0x218 ..\obj\tm_stm32f4_pwm.o
                0x08004d00                TM_PWM_INT_InitTIM2Pins
 .text.TM_PWM_INT_InitTIM3Pins
                0x08004f18      0x244 ..\obj\tm_stm32f4_pwm.o
                0x08004f18                TM_PWM_INT_InitTIM3Pins
 .text.TM_PWM_INT_InitTIM4Pins
                0x0800515c      0x1f4 ..\obj\tm_stm32f4_pwm.o
                0x0800515c                TM_PWM_INT_InitTIM4Pins
 .text.TM_PWM_INT_InitTIM5Pins
                0x08005350      0x1f4 ..\obj\tm_stm32f4_pwm.o
                0x08005350                TM_PWM_INT_InitTIM5Pins
 .text.TM_PWM_INT_InitTIM8Pins
                0x08005544      0x1f4 ..\obj\tm_stm32f4_pwm.o
                0x08005544                TM_PWM_INT_InitTIM8Pins
 .text.TM_PWM_INT_InitTIM9Pins
                0x08005738      0x10c ..\obj\tm_stm32f4_pwm.o
                0x08005738                TM_PWM_INT_InitTIM9Pins
 .text.TM_PWM_INT_InitTIM10Pins
                0x08005844       0xa4 ..\obj\tm_stm32f4_pwm.o
                0x08005844                TM_PWM_INT_InitTIM10Pins
 .text.TM_PWM_INT_InitTIM11Pins
                0x080058e8       0xa4 ..\obj\tm_stm32f4_pwm.o
                0x080058e8                TM_PWM_INT_InitTIM11Pins
 .text.TM_PWM_INT_InitTIM12Pins
                0x0800598c      0x114 ..\obj\tm_stm32f4_pwm.o
                0x0800598c                TM_PWM_INT_InitTIM12Pins
 .text.TM_PWM_INT_InitTIM13Pins
                0x08005aa0       0xa4 ..\obj\tm_stm32f4_pwm.o
                0x08005aa0                TM_PWM_INT_InitTIM13Pins
 .text.TM_PWM_INT_InitTIM14Pins
                0x08005b44       0xa4 ..\obj\tm_stm32f4_pwm.o
                0x08005b44                TM_PWM_INT_InitTIM14Pins
 .text.NVIC_Init
                0x08005be8       0xc0 ..\obj\misc.o
                0x08005be8                NVIC_Init
 .text.TM_TIMER_PROPERTIES_GetTimerProperties
                0x08005ca8      0x100 ..\obj\tm_stm32f4_timer_properties.o
                0x08005ca8                TM_TIMER_PROPERTIES_GetTimerProperties
 .text.TM_TIMER_PROPERTIES_GenerateDataForWorkingFrequency
                0x08005da8      0x128 ..\obj\tm_stm32f4_timer_properties.o
                0x08005da8                TM_TIMER_PROPERTIES_GenerateDataForWorkingFrequency
 .text.TM_TIMER_PROPERTIES_EnableClock
                0x08005ed0      0x148 ..\obj\tm_stm32f4_timer_properties.o
                0x08005ed0                TM_TIMER_PROPERTIES_EnableClock
 .text.pvPortMalloc
                0x08006018      0x124 ..\obj\heap_2.o
                0x08006018                pvPortMalloc
 .text.vPortFree
                0x0800613c       0x70 ..\obj\heap_2.o
                0x0800613c                vPortFree
 .text.prvHeapInit
                0x080061ac       0x50 ..\obj\heap_2.o
 .text.TIM_TimeBaseInit
                0x080061fc       0xd4 ..\obj\stm32f4xx_tim.o
                0x080061fc                TIM_TimeBaseInit
 .text.TIM_Cmd  0x080062d0       0x40 ..\obj\stm32f4xx_tim.o
                0x080062d0                TIM_Cmd
 .text.TIM_OC1Init
                0x08006310       0xf4 ..\obj\stm32f4xx_tim.o
                0x08006310                TIM_OC1Init
 .text.TIM_OC2Init
                0x08006404      0x110 ..\obj\stm32f4xx_tim.o
                0x08006404                TIM_OC2Init
 .text.TIM_OC3Init
                0x08006514      0x10c ..\obj\stm32f4xx_tim.o
                0x08006514                TIM_OC3Init
 .text.TIM_OC4Init
                0x08006620       0xcc ..\obj\stm32f4xx_tim.o
                0x08006620                TIM_OC4Init
 .text.TIM_OC1PreloadConfig
                0x080066ec       0x38 ..\obj\stm32f4xx_tim.o
                0x080066ec                TIM_OC1PreloadConfig
 .text.TIM_OC2PreloadConfig
                0x08006724       0x3c ..\obj\stm32f4xx_tim.o
                0x08006724                TIM_OC2PreloadConfig
 .text.TIM_OC3PreloadConfig
                0x08006760       0x38 ..\obj\stm32f4xx_tim.o
                0x08006760                TIM_OC3PreloadConfig
 .text.TIM_OC4PreloadConfig
                0x08006798       0x3c ..\obj\stm32f4xx_tim.o
                0x08006798                TIM_OC4PreloadConfig
 .text          0x080067d4      0x370 c:/program files (x86)/gnu tools arm embedded/4.9 2014q4/bin/../lib/gcc/arm-none-eabi/4.9.3/armv7e-m/fpu\libgcc.a(_arm_addsubdf3.o)
                0x080067d4                __aeabi_drsub
                0x080067dc                __aeabi_dsub
                0x080067dc                __subdf3
                0x080067e0                __aeabi_dadd
                0x080067e0                __adddf3
                0x08006a58                __floatunsidf
                0x08006a58                __aeabi_ui2d
                0x08006a78                __floatsidf
                0x08006a78                __aeabi_i2d
                0x08006a9c                __aeabi_f2d
                0x08006a9c                __extendsfdf2
                0x08006ad8                __floatundidf
                0x08006ad8                __aeabi_ul2d
                0x08006ae8                __floatdidf
                0x08006ae8                __aeabi_l2d
 .text          0x08006b44      0x424 c:/program files (x86)/gnu tools arm embedded/4.9 2014q4/bin/../lib/gcc/arm-none-eabi/4.9.3/armv7e-m/fpu\libgcc.a(_arm_muldivdf3.o)
                0x08006b44                __aeabi_dmul
                0x08006b44                __muldf3
                0x08006d98                __divdf3
                0x08006d98                __aeabi_ddiv
 .text          0x08006f68      0x110 c:/program files (x86)/gnu tools arm embedded/4.9 2014q4/bin/../lib/gcc/arm-none-eabi/4.9.3/armv7e-m/fpu\libgcc.a(_arm_cmpdf2.o)
                0x08006f68                __gtdf2
                0x08006f68                __gedf2
                0x08006f70                __ltdf2
                0x08006f70                __ledf2
                0x08006f78                __nedf2
                0x08006f78                __eqdf2
                0x08006f78                __cmpdf2
                0x08006ff4                __aeabi_cdrcmple
                0x08007004                __aeabi_cdcmpeq
                0x08007004                __aeabi_cdcmple
                0x08007014                __aeabi_dcmpeq
                0x08007028                __aeabi_dcmplt
                0x0800703c                __aeabi_dcmple
                0x08007050                __aeabi_dcmpge
                0x08007064                __aeabi_dcmpgt
 .text          0x08007078       0x40 c:/program files (x86)/gnu tools arm embedded/4.9 2014q4/bin/../lib/gcc/arm-none-eabi/4.9.3/armv7e-m/fpu\libgcc.a(_arm_fixunsdfsi.o)
                0x08007078                __aeabi_d2uiz
                0x08007078                __fixunsdfsi
 .text          0x080070b8       0x2c c:/program files (x86)/gnu tools arm embedded/4.9 2014q4/bin/../lib/gcc/arm-none-eabi/4.9.3/armv7e-m/fpu\libgcc.a(_aeabi_uldivmod.o)
                0x080070b8                __aeabi_uldivmod
 .text          0x080070e4       0x60 c:/program files (x86)/gnu tools arm embedded/4.9 2014q4/bin/../lib/gcc/arm-none-eabi/4.9.3/armv7e-m/fpu\libgcc.a(bpabi.o)
                0x080070e4                __gnu_ldivmod_helper
                0x08007114                __gnu_uldivmod_helper
 .text          0x08007144        0x4 c:/program files (x86)/gnu tools arm embedded/4.9 2014q4/bin/../lib/gcc/arm-none-eabi/4.9.3/armv7e-m/fpu\libgcc.a(_dvmd_tls.o)
                0x08007144                __aeabi_idiv0
                0x08007144                __aeabi_ldiv0
 .text          0x08007148      0x29c c:/program files (x86)/gnu tools arm embedded/4.9 2014q4/bin/../lib/gcc/arm-none-eabi/4.9.3/armv7e-m/fpu\libgcc.a(_divdi3.o)
                0x08007148                __divdi3
 .text          0x080073e4      0x26c c:/program files (x86)/gnu tools arm embedded/4.9 2014q4/bin/../lib/gcc/arm-none-eabi/4.9.3/armv7e-m/fpu\libgcc.a(_udivdi3.o)
                0x080073e4                __udivdi3
 .text          0x08007650      0x134 c:/program files (x86)/gnu tools arm embedded/4.9 2014q4/bin/../lib/gcc/arm-none-eabi/4.9.3/../../../../arm-none-eabi/lib/armv7e-m/fpu\libc.a(lib_a-memcpy.o)
                0x08007650                memcpy
 .text.memset   0x08007784       0x9c c:/program files (x86)/gnu tools arm embedded/4.9 2014q4/bin/../lib/gcc/arm-none-eabi/4.9.3/../../../../arm-none-eabi/lib/armv7e-m/fpu\libc.a(lib_a-memset.o)
                0x08007784                memset
 *(.init)
 *(.fini)
 *crtbegin.o(.ctors)
 *crtbegin?.o(.ctors)
 *(EXCLUDE_FILE(*crtend.o *crtend?.o) .ctors)
 *(SORT(.ctors.*))
 *(.ctors)
 *crtbegin.o(.dtors)
 *crtbegin?.o(.dtors)
 *(EXCLUDE_FILE(*crtend.o *crtend?.o) .dtors)
 *(SORT(.dtors.*))
 *(.dtors)
 *(.rodata*)
 .rodata        0x08007820       0x30 ..\obj\stm32f4_discovery.o
                0x08007820                GPIO_PIN
                0x08007828                GPIO_CLK
                0x08007838                BUTTON_PIN
                0x0800783c                BUTTON_CLK
                0x08007840                BUTTON_EXTI_LINE
                0x08007844                BUTTON_PORT_SOURCE
                0x08007848                BUTTON_PIN_SOURCE
                0x0800784c                BUTTON_IRQn
 .rodata        0x08007850      0x194 ..\obj\main.o
 .rodata        0x080079e4       0x10 ..\obj\timers.o
 .rodata        0x080079f4        0x8 ..\obj\tasks.o
 .rodata        0x080079fc        0xc ..\obj\ACSE_math.o
 *(.eh_fram e*)

.glue_7         0x08007a08        0x0
 .glue_7        0x00000000        0x0 linker stubs

.glue_7t        0x08007a08        0x0
 .glue_7t       0x00000000        0x0 linker stubs

.vfp11_veneer   0x08007a08        0x0
 .vfp11_veneer  0x00000000        0x0 linker stubs

.v4_bx          0x08007a08        0x0
 .v4_bx         0x00000000        0x0 linker stubs

.iplt           0x08007a08        0x0
 .iplt          0x00000000        0x0 ..\obj\stm32f4xx_syscfg.o

.ARM.extab
 *(.ARM.extab* .gnu.linkonce.armextab.*)
                0x08007a08                __exidx_start = .

.ARM.exidx      0x08007a08        0x8
 *(.ARM.exidx* .gnu.linkonce.armexidx.*)
 .ARM.exidx     0x08007a08        0x8 c:/program files (x86)/gnu tools arm embedded/4.9 2014q4/bin/../lib/gcc/arm-none-eabi/4.9.3/armv7e-m/fpu\libgcc.a(_divdi3.o)
 .ARM.exidx     0x08007a10        0x0 c:/program files (x86)/gnu tools arm embedded/4.9 2014q4/bin/../lib/gcc/arm-none-eabi/4.9.3/armv7e-m/fpu\libgcc.a(_udivdi3.o)
                                  0x8 (size before relaxing)
                0x08007a10                __exidx_end = .
                0x08007a10                __etext = .
                0x08007a10                _sidata = __etext

.rel.dyn        0x08007a10        0x0
 .rel.iplt      0x00000000        0x0 ..\obj\stm32f4xx_syscfg.o

.data           0x20000000       0x48 load address 0x08007a10
                0x20000000                __data_start__ = .
                0x20000000                _sdata = __data_start__
 *(vtable)
 *(.data*)
 .data          0x20000000       0x14 ..\obj\stm32f4_discovery.o
                0x20000000                GPIO_PORT
                0x20000010                BUTTON_PORT
 .data          0x20000014        0x4 ..\obj\main.o
                0x20000014                tank_speed_default
 .data          0x20000018       0x10 ..\obj\stm32f4xx_rcc.o
 .data          0x20000028        0x4 ..\obj\tasks.o
 .data          0x2000002c       0x14 ..\obj\system_stm32f4xx.o
                0x2000002c                SystemCoreClock
                0x20000030                AHBPrescTable
 .data          0x20000040        0x4 ..\obj\port.o
 .data          0x20000044        0x4 ..\obj\heap_2.o
                0x20000048                . = ALIGN (0x4)
                0x20000048                PROVIDE (__preinit_array_start, .)
 *(.preinit_array)
                0x20000048                PROVIDE (__preinit_array_end, .)
                0x20000048                . = ALIGN (0x4)
                0x20000048                PROVIDE (__init_array_start, .)
 *(SORT(.init_array.*))
 *(.init_array)
                0x20000048                PROVIDE (__init_array_end, .)
                0x20000048                . = ALIGN (0x4)
                0x20000048                PROVIDE (__fini_array_start, .)
 *(SORT(.fini_array.*))
 *(.fini_array)
                0x20000048                PROVIDE (__fini_array_end, .)
 *(.jcr*)
                0x20000048                . = ALIGN (0x4)
                0x20000048                __data_end__ = .
                0x20000048                _edata = __data_end__

.igot.plt       0x20000048        0x0 load address 0x08007a58
 .igot.plt      0x00000000        0x0 ..\obj\stm32f4xx_syscfg.o

.bss            0x20000048     0x17bc load address 0x08007a58
                0x20000048                . = ALIGN (0x4)
                0x20000048                __bss_start__ = .
                0x20000048                _sbss = __bss_start__
 *(.bss*)
 .bss           0x20000048       0x20 ..\obj\main.o
                0x20000048                u64IdleTicksCnt
                0x20000050                tickTime
                0x20000058                i
                0x2000005c                scanned
                0x20000060                block
 .bss           0x20000068       0x38 ..\obj\timers.o
 .bss           0x200000a0       0x30 ..\obj\tm_stm32f4_usart.o
                0x200000a0                tm_usart_buf_in
                0x200000b0                tm_usart_buf_out
                0x200000c0                tm_usart_buf_num
 .bss           0x200000d0       0xfc ..\obj\tasks.o
                0x200000d0                pxCurrentTCB
 .bss           0x200001cc        0x8 ..\obj\port.o
 .bss           0x200001d4     0x1414 ..\obj\heap_2.o
 *(COMMON)
 COMMON         0x200015e8       0xdc ..\obj\main.o
                0x200015e8                Servo1
                0x20001600                tank_speed_left
                0x20001604                c
                0x20001608                USART2_Stream
                0x20001670                str
                0x20001698                Servo2
                0x200016b0                TIM3_Data
                0x200016c0                tank_speed_right
 COMMON         0x200016c4      0x100 ..\obj\tm_stm32f4_usart.o
                0x200016c4                TM_USART_Buffer
 COMMON         0x200017c4       0x40 ..\obj\queue.o
                0x200017c4                xQueueRegistry
                0x20001804                . = ALIGN (0x4)
                0x20001804                __bss_end__ = .
                0x20001804                _ebss = __bss_end__

.heap           0x20001804        0x0
                0x20001804                __end__ = .
                0x20001804                _end = __end__
                0x20001804                end = __end__
 *(.heap*)
                0x20001804                __HeapLimit = .

.co_stack       0x20001804      0x804 load address 0x08009214
                0x20001808                . = ALIGN (0x8)
 *fill*         0x20001804        0x4 
 *(.co_stack .co_stack.*)
 .co_stack      0x20001808      0x800 ..\obj\startup_stm32f4xx.o
                0x20001808                pulStack
                0x20010000                __StackTop = (ORIGIN (ram) + 0x10000)
                0x2000f7fc                __StackLimit = (__StackTop - SIZEOF (.co_stack))
                0x20010000                PROVIDE (__stack, __StackTop)
                0x00000001                ASSERT ((__StackLimit >= __HeapLimit), region ram  overflowed with stack)
LOAD ..\obj\stm32f4xx_syscfg.o
LOAD ..\obj\tm_stm32f4_servo.o
LOAD ..\obj\stm32f4xx_usart.o
LOAD ..\obj\tm_stm32f4_adc.o
LOAD ..\obj\tm_stm32f4_disco.o
LOAD ..\obj\startup_stm32f4xx.o
LOAD ..\obj\stm32f4_discovery.o
LOAD ..\obj\main.o
LOAD ..\obj\stm32f4xx_rcc.o
LOAD ..\obj\timers.o
LOAD ..\obj\tm_stm32f4_usart.o
LOAD ..\obj\stm32f4xx_adc.o
LOAD ..\obj\printf.o
LOAD ..\obj\tasks.o
LOAD ..\obj\ACSE_math.o
LOAD ..\obj\stm32f4xx_gpio.o
LOAD ..\obj\list.o
LOAD ..\obj\system_stm32f4xx.o
LOAD ..\obj\syscalls.o
LOAD ..\obj\port.o
LOAD ..\obj\queue.o
LOAD ..\obj\tm_stm32f4_pwm.o
LOAD ..\obj\infra_path.o
LOAD ..\obj\croutine.o
LOAD ..\obj\event_groups.o
LOAD ..\obj\stm32f4xx_exti.o
LOAD ..\obj\misc.o
LOAD ..\obj\tm_stm32f4_timer_properties.o
LOAD ..\obj\heap_2.o
LOAD ..\obj\stm32f4xx_tim.o
LOAD c:/program files (x86)/gnu tools arm embedded/4.9 2014q4/bin/../lib/gcc/arm-none-eabi/4.9.3/../../../../arm-none-eabi/lib/armv7e-m/fpu\libm.a
LOAD c:/program files (x86)/gnu tools arm embedded/4.9 2014q4/bin/../lib/gcc/arm-none-eabi/4.9.3/armv7e-m/fpu\libgcc.a
LOAD c:/program files (x86)/gnu tools arm embedded/4.9 2014q4/bin/../lib/gcc/arm-none-eabi/4.9.3/../../../../arm-none-eabi/lib/armv7e-m/fpu\libc.a
START GROUP
LOAD c:/program files (x86)/gnu tools arm embedded/4.9 2014q4/bin/../lib/gcc/arm-none-eabi/4.9.3/armv7e-m/fpu\libgcc.a
LOAD c:/program files (x86)/gnu tools arm embedded/4.9 2014q4/bin/../lib/gcc/arm-none-eabi/4.9.3/../../../../arm-none-eabi/lib/armv7e-m/fpu\libg.a
LOAD c:/program files (x86)/gnu tools arm embedded/4.9 2014q4/bin/../lib/gcc/arm-none-eabi/4.9.3/../../../../arm-none-eabi/lib/armv7e-m/fpu\libc.a
END GROUP
OUTPUT(tank.elf elf32-littlearm)

.debug_info     0x00000000     0xd80b
 .debug_info    0x00000000      0x4b2 ..\obj\tm_stm32f4_servo.o
 .debug_info    0x000004b2      0x9c2 ..\obj\stm32f4xx_usart.o
 .debug_info    0x00000e74      0x846 ..\obj\tm_stm32f4_adc.o
 .debug_info    0x000016ba       0xed ..\obj\startup_stm32f4xx.o
 .debug_info    0x000017a7      0x889 ..\obj\stm32f4_discovery.o
 .debug_info    0x00002030     0x1349 ..\obj\main.o
 .debug_info    0x00003379      0xc4d ..\obj\stm32f4xx_rcc.o
 .debug_info    0x00003fc6      0x92a ..\obj\timers.o
 .debug_info    0x000048f0      0xa42 ..\obj\tm_stm32f4_usart.o
 .debug_info    0x00005332      0xc38 ..\obj\stm32f4xx_adc.o
 .debug_info    0x00005f6a     0x1c4f ..\obj\tasks.o
 .debug_info    0x00007bb9      0x104 ..\obj\ACSE_math.o
 .debug_info    0x00007cbd      0x602 ..\obj\stm32f4xx_gpio.o
 .debug_info    0x000082bf      0x2c4 ..\obj\list.o
 .debug_info    0x00008583      0x592 ..\obj\system_stm32f4xx.o
 .debug_info    0x00008b15      0x504 ..\obj\port.o
 .debug_info    0x00009019     0x1287 ..\obj\queue.o
 .debug_info    0x0000a2a0      0xc40 ..\obj\tm_stm32f4_pwm.o
 .debug_info    0x0000aee0      0x53d ..\obj\misc.o
 .debug_info    0x0000b41d      0x479 ..\obj\tm_stm32f4_timer_properties.o
 .debug_info    0x0000b896      0x314 ..\obj\heap_2.o
 .debug_info    0x0000bbaa     0x1c61 ..\obj\stm32f4xx_tim.o

.debug_abbrev   0x00000000     0x220e
 .debug_abbrev  0x00000000       0xfa ..\obj\tm_stm32f4_servo.o
 .debug_abbrev  0x000000fa      0x155 ..\obj\stm32f4xx_usart.o
 .debug_abbrev  0x0000024f      0x165 ..\obj\tm_stm32f4_adc.o
 .debug_abbrev  0x000003b4       0xb0 ..\obj\startup_stm32f4xx.o
 .debug_abbrev  0x00000464      0x183 ..\obj\stm32f4_discovery.o
 .debug_abbrev  0x000005e7      0x35f ..\obj\main.o
 .debug_abbrev  0x00000946      0x1e3 ..\obj\stm32f4xx_rcc.o
 .debug_abbrev  0x00000b29      0x1d8 ..\obj\timers.o
 .debug_abbrev  0x00000d01      0x1f7 ..\obj\tm_stm32f4_usart.o
 .debug_abbrev  0x00000ef8      0x196 ..\obj\stm32f4xx_adc.o
 .debug_abbrev  0x0000108e      0x29e ..\obj\tasks.o
 .debug_abbrev  0x0000132c       0x95 ..\obj\ACSE_math.o
 .debug_abbrev  0x000013c1      0x1a3 ..\obj\stm32f4xx_gpio.o
 .debug_abbrev  0x00001564       0xd6 ..\obj\list.o
 .debug_abbrev  0x0000163a      0x136 ..\obj\system_stm32f4xx.o
 .debug_abbrev  0x00001770      0x1dd ..\obj\port.o
 .debug_abbrev  0x0000194d      0x217 ..\obj\queue.o
 .debug_abbrev  0x00001b64      0x153 ..\obj\tm_stm32f4_pwm.o
 .debug_abbrev  0x00001cb7      0x145 ..\obj\misc.o
 .debug_abbrev  0x00001dfc      0x107 ..\obj\tm_stm32f4_timer_properties.o
 .debug_abbrev  0x00001f03      0x184 ..\obj\heap_2.o
 .debug_abbrev  0x00002087      0x187 ..\obj\stm32f4xx_tim.o

.debug_aranges  0x00000000      0xf98
 .debug_aranges
                0x00000000       0x30 ..\obj\tm_stm32f4_servo.o
 .debug_aranges
                0x00000030      0x100 ..\obj\stm32f4xx_usart.o
 .debug_aranges
                0x00000130       0xd0 ..\obj\tm_stm32f4_adc.o
 .debug_aranges
                0x00000200       0x28 ..\obj\startup_stm32f4xx.o
 .debug_aranges
                0x00000228       0x48 ..\obj\stm32f4_discovery.o
 .debug_aranges
                0x00000270       0x90 ..\obj\main.o
 .debug_aranges
                0x00000300      0x178 ..\obj\stm32f4xx_rcc.o
 .debug_aranges
                0x00000478       0x90 ..\obj\timers.o
 .debug_aranges
                0x00000508       0xa8 ..\obj\tm_stm32f4_usart.o
 .debug_aranges
                0x000005b0      0x148 ..\obj\stm32f4xx_adc.o
 .debug_aranges
                0x000006f8      0x1b8 ..\obj\tasks.o
 .debug_aranges
                0x000008b0       0x20 ..\obj\ACSE_math.o
 .debug_aranges
                0x000008d0       0x88 ..\obj\stm32f4xx_gpio.o
 .debug_aranges
                0x00000958       0x40 ..\obj\list.o
 .debug_aranges
                0x00000998       0x30 ..\obj\system_stm32f4xx.o
 .debug_aranges
                0x000009c8       0x80 ..\obj\port.o
 .debug_aranges
                0x00000a48      0x100 ..\obj\queue.o
 .debug_aranges
                0x00000b48       0xa0 ..\obj\tm_stm32f4_pwm.o
 .debug_aranges
                0x00000be8       0x40 ..\obj\misc.o
 .debug_aranges
                0x00000c28       0x38 ..\obj\tm_stm32f4_timer_properties.o
 .debug_aranges
                0x00000c60       0x40 ..\obj\heap_2.o
 .debug_aranges
                0x00000ca0      0x2f8 ..\obj\stm32f4xx_tim.o

.debug_ranges   0x00000000      0xe38
 .debug_ranges  0x00000000       0x20 ..\obj\tm_stm32f4_servo.o
 .debug_ranges  0x00000020       0xf0 ..\obj\stm32f4xx_usart.o
 .debug_ranges  0x00000110       0xc0 ..\obj\tm_stm32f4_adc.o
 .debug_ranges  0x000001d0       0x18 ..\obj\startup_stm32f4xx.o
 .debug_ranges  0x000001e8       0x38 ..\obj\stm32f4_discovery.o
 .debug_ranges  0x00000220       0x80 ..\obj\main.o
 .debug_ranges  0x000002a0      0x168 ..\obj\stm32f4xx_rcc.o
 .debug_ranges  0x00000408       0x80 ..\obj\timers.o
 .debug_ranges  0x00000488       0x98 ..\obj\tm_stm32f4_usart.o
 .debug_ranges  0x00000520      0x138 ..\obj\stm32f4xx_adc.o
 .debug_ranges  0x00000658      0x1a8 ..\obj\tasks.o
 .debug_ranges  0x00000800       0x10 ..\obj\ACSE_math.o
 .debug_ranges  0x00000810       0x78 ..\obj\stm32f4xx_gpio.o
 .debug_ranges  0x00000888       0x30 ..\obj\list.o
 .debug_ranges  0x000008b8       0x20 ..\obj\system_stm32f4xx.o
 .debug_ranges  0x000008d8       0x70 ..\obj\port.o
 .debug_ranges  0x00000948       0xf0 ..\obj\queue.o
 .debug_ranges  0x00000a38       0x90 ..\obj\tm_stm32f4_pwm.o
 .debug_ranges  0x00000ac8       0x30 ..\obj\misc.o
 .debug_ranges  0x00000af8       0x28 ..\obj\tm_stm32f4_timer_properties.o
 .debug_ranges  0x00000b20       0x30 ..\obj\heap_2.o
 .debug_ranges  0x00000b50      0x2e8 ..\obj\stm32f4xx_tim.o

.debug_line     0x00000000     0x5ca5
 .debug_line    0x00000000      0x1d7 ..\obj\tm_stm32f4_servo.o
 .debug_line    0x000001d7      0x441 ..\obj\stm32f4xx_usart.o
 .debug_line    0x00000618      0x3e0 ..\obj\tm_stm32f4_adc.o
 .debug_line    0x000009f8       0x86 ..\obj\startup_stm32f4xx.o
 .debug_line    0x00000a7e      0x240 ..\obj\stm32f4_discovery.o
 .debug_line    0x00000cbe      0x555 ..\obj\main.o
 .debug_line    0x00001213      0x540 ..\obj\stm32f4xx_rcc.o
 .debug_line    0x00001753      0x408 ..\obj\timers.o
 .debug_line    0x00001b5b      0x3a7 ..\obj\tm_stm32f4_usart.o
 .debug_line    0x00001f02      0x4f1 ..\obj\stm32f4xx_adc.o
 .debug_line    0x000023f3      0xd55 ..\obj\tasks.o
 .debug_line    0x00003148       0x7f ..\obj\ACSE_math.o
 .debug_line    0x000031c7      0x2e2 ..\obj\stm32f4xx_gpio.o
 .debug_line    0x000034a9      0x21e ..\obj\list.o
 .debug_line    0x000036c7      0x1c6 ..\obj\system_stm32f4xx.o
 .debug_line    0x0000388d      0x378 ..\obj\port.o
 .debug_line    0x00003c05      0x9c9 ..\obj\queue.o
 .debug_line    0x000045ce      0x5c4 ..\obj\tm_stm32f4_pwm.o
 .debug_line    0x00004b92      0x1e4 ..\obj\misc.o
 .debug_line    0x00004d76      0x285 ..\obj\tm_stm32f4_timer_properties.o
 .debug_line    0x00004ffb      0x2a1 ..\obj\heap_2.o
 .debug_line    0x0000529c      0xa09 ..\obj\stm32f4xx_tim.o

.debug_str      0x00000000     0x55b9
 .debug_str     0x00000000      0x452 ..\obj\tm_stm32f4_servo.o
                                0x4ca (size before relaxing)
 .debug_str     0x00000452      0x4a5 ..\obj\stm32f4xx_usart.o
                                0x696 (size before relaxing)
 .debug_str     0x000008f7      0x577 ..\obj\tm_stm32f4_adc.o
                                0x728 (size before relaxing)
 .debug_str     0x00000e6e       0x94 ..\obj\startup_stm32f4xx.o
                                0x14e (size before relaxing)
 .debug_str     0x00000f02      0x808 ..\obj\stm32f4_discovery.o
                                0xb36 (size before relaxing)
 .debug_str     0x0000170a      0x670 ..\obj\main.o
                                0xbf6 (size before relaxing)
 .debug_str     0x00001d7a      0x5c7 ..\obj\stm32f4xx_rcc.o
                                0x857 (size before relaxing)
 .debug_str     0x00002341      0x486 ..\obj\timers.o
                                0x692 (size before relaxing)
 .debug_str     0x000027c7      0x20e ..\obj\tm_stm32f4_usart.o
                                0xbe6 (size before relaxing)
 .debug_str     0x000029d5      0x4c6 ..\obj\stm32f4xx_adc.o
                                0x80b (size before relaxing)
 .debug_str     0x00002e9b      0xbba ..\obj\tasks.o
                                0xeac (size before relaxing)
 .debug_str     0x00003a55       0x49 ..\obj\ACSE_math.o
                                0x1a2 (size before relaxing)
 .debug_str     0x00003a9e      0x16c ..\obj\stm32f4xx_gpio.o
                                0x4aa (size before relaxing)
 .debug_str     0x00003c0a       0xb0 ..\obj\list.o
                                0x2c6 (size before relaxing)
 .debug_str     0x00003cba       0xfc ..\obj\system_stm32f4xx.o
                                0x3b1 (size before relaxing)
 .debug_str     0x00003db6      0x1f9 ..\obj\port.o
                                0x439 (size before relaxing)
 .debug_str     0x00003faf      0x480 ..\obj\queue.o
                                0x7ee (size before relaxing)
 .debug_str     0x0000442f      0x346 ..\obj\tm_stm32f4_pwm.o
                                0x906 (size before relaxing)
 .debug_str     0x00004775      0x12e ..\obj\misc.o
                                0x3d5 (size before relaxing)
 .debug_str     0x000048a3      0x1cf ..\obj\tm_stm32f4_timer_properties.o
                                0x4f1 (size before relaxing)
 .debug_str     0x00004a72      0x16a ..\obj\heap_2.o
                                0x32e (size before relaxing)
 .debug_str     0x00004bdc      0x9dd ..\obj\stm32f4xx_tim.o
                                0xdd7 (size before relaxing)

.comment        0x00000000       0x70
 .comment       0x00000000       0x70 ..\obj\tm_stm32f4_servo.o
                                 0x71 (size before relaxing)
 .comment       0x00000000       0x71 ..\obj\stm32f4xx_usart.o
 .comment       0x00000000       0x71 ..\obj\tm_stm32f4_adc.o
 .comment       0x00000000       0x71 ..\obj\startup_stm32f4xx.o
 .comment       0x00000000       0x71 ..\obj\stm32f4_discovery.o
 .comment       0x00000000       0x71 ..\obj\main.o
 .comment       0x00000000       0x71 ..\obj\stm32f4xx_rcc.o
 .comment       0x00000000       0x71 ..\obj\timers.o
 .comment       0x00000000       0x71 ..\obj\tm_stm32f4_usart.o
 .comment       0x00000000       0x71 ..\obj\stm32f4xx_adc.o
 .comment       0x00000000       0x71 ..\obj\tasks.o
 .comment       0x00000000       0x71 ..\obj\ACSE_math.o
 .comment       0x00000000       0x71 ..\obj\stm32f4xx_gpio.o
 .comment       0x00000000       0x71 ..\obj\list.o
 .comment       0x00000000       0x71 ..\obj\system_stm32f4xx.o
 .comment       0x00000000       0x71 ..\obj\port.o
 .comment       0x00000000       0x71 ..\obj\queue.o
 .comment       0x00000000       0x71 ..\obj\tm_stm32f4_pwm.o
 .comment       0x00000000       0x71 ..\obj\misc.o
 .comment       0x00000000       0x71 ..\obj\tm_stm32f4_timer_properties.o
 .comment       0x00000000       0x71 ..\obj\heap_2.o
 .comment       0x00000000       0x71 ..\obj\stm32f4xx_tim.o

.ARM.attributes
                0x00000000       0x37
 .ARM.attributes
                0x00000000       0x39 ..\obj\tm_stm32f4_servo.o
 .ARM.attributes
                0x00000039       0x39 ..\obj\stm32f4xx_usart.o
 .ARM.attributes
                0x00000072       0x39 ..\obj\tm_stm32f4_adc.o
 .ARM.attributes
                0x000000ab       0x39 ..\obj\startup_stm32f4xx.o
 .ARM.attributes
                0x000000e4       0x39 ..\obj\stm32f4_discovery.o
 .ARM.attributes
                0x0000011d       0x39 ..\obj\main.o
 .ARM.attributes
                0x00000156       0x39 ..\obj\stm32f4xx_rcc.o
 .ARM.attributes
                0x0000018f       0x39 ..\obj\timers.o
 .ARM.attributes
                0x000001c8       0x39 ..\obj\tm_stm32f4_usart.o
 .ARM.attributes
                0x00000201       0x39 ..\obj\stm32f4xx_adc.o
 .ARM.attributes
                0x0000023a       0x39 ..\obj\tasks.o
 .ARM.attributes
                0x00000273       0x39 ..\obj\ACSE_math.o
 .ARM.attributes
                0x000002ac       0x39 ..\obj\stm32f4xx_gpio.o
 .ARM.attributes
                0x000002e5       0x39 ..\obj\list.o
 .ARM.attributes
                0x0000031e       0x39 ..\obj\system_stm32f4xx.o
 .ARM.attributes
                0x00000357       0x39 ..\obj\port.o
 .ARM.attributes
                0x00000390       0x39 ..\obj\queue.o
 .ARM.attributes
                0x000003c9       0x39 ..\obj\tm_stm32f4_pwm.o
 .ARM.attributes
                0x00000402       0x39 ..\obj\misc.o
 .ARM.attributes
                0x0000043b       0x39 ..\obj\tm_stm32f4_timer_properties.o
 .ARM.attributes
                0x00000474       0x39 ..\obj\heap_2.o
 .ARM.attributes
                0x000004ad       0x39 ..\obj\stm32f4xx_tim.o
 .ARM.attributes
                0x000004e6       0x22 c:/program files (x86)/gnu tools arm embedded/4.9 2014q4/bin/../lib/gcc/arm-none-eabi/4.9.3/armv7e-m/fpu\libgcc.a(_arm_addsubdf3.o)
 .ARM.attributes
                0x00000508       0x22 c:/program files (x86)/gnu tools arm embedded/4.9 2014q4/bin/../lib/gcc/arm-none-eabi/4.9.3/armv7e-m/fpu\libgcc.a(_arm_muldivdf3.o)
 .ARM.attributes
                0x0000052a       0x22 c:/program files (x86)/gnu tools arm embedded/4.9 2014q4/bin/../lib/gcc/arm-none-eabi/4.9.3/armv7e-m/fpu\libgcc.a(_arm_cmpdf2.o)
 .ARM.attributes
                0x0000054c       0x22 c:/program files (x86)/gnu tools arm embedded/4.9 2014q4/bin/../lib/gcc/arm-none-eabi/4.9.3/armv7e-m/fpu\libgcc.a(_arm_fixunsdfsi.o)
 .ARM.attributes
                0x0000056e       0x22 c:/program files (x86)/gnu tools arm embedded/4.9 2014q4/bin/../lib/gcc/arm-none-eabi/4.9.3/armv7e-m/fpu\libgcc.a(_aeabi_uldivmod.o)
 .ARM.attributes
                0x00000590       0x34 c:/program files (x86)/gnu tools arm embedded/4.9 2014q4/bin/../lib/gcc/arm-none-eabi/4.9.3/armv7e-m/fpu\libgcc.a(bpabi.o)
 .ARM.attributes
                0x000005c4       0x22 c:/program files (x86)/gnu tools arm embedded/4.9 2014q4/bin/../lib/gcc/arm-none-eabi/4.9.3/armv7e-m/fpu\libgcc.a(_dvmd_tls.o)
 .ARM.attributes
                0x000005e6       0x34 c:/program files (x86)/gnu tools arm embedded/4.9 2014q4/bin/../lib/gcc/arm-none-eabi/4.9.3/armv7e-m/fpu\libgcc.a(_divdi3.o)
 .ARM.attributes
                0x0000061a       0x34 c:/program files (x86)/gnu tools arm embedded/4.9 2014q4/bin/../lib/gcc/arm-none-eabi/4.9.3/armv7e-m/fpu\libgcc.a(_udivdi3.o)
 .ARM.attributes
                0x0000064e       0x20 c:/program files (x86)/gnu tools arm embedded/4.9 2014q4/bin/../lib/gcc/arm-none-eabi/4.9.3/../../../../arm-none-eabi/lib/armv7e-m/fpu\libc.a(lib_a-memcpy.o)
 .ARM.attributes
                0x0000066e       0x34 c:/program files (x86)/gnu tools arm embedded/4.9 2014q4/bin/../lib/gcc/arm-none-eabi/4.9.3/../../../../arm-none-eabi/lib/armv7e-m/fpu\libc.a(lib_a-memset.o)

.debug_frame    0x00000000     0x422c
 .debug_frame   0x00000000       0x7c ..\obj\tm_stm32f4_servo.o
 .debug_frame   0x0000007c      0x490 ..\obj\stm32f4xx_usart.o
 .debug_frame   0x0000050c      0x33c ..\obj\tm_stm32f4_adc.o
 .debug_frame   0x00000848       0x4c ..\obj\startup_stm32f4xx.o
 .debug_frame   0x00000894       0xf4 ..\obj\stm32f4_discovery.o
 .debug_frame   0x00000988      0x1ec ..\obj\main.o
 .debug_frame   0x00000b74      0x6d4 ..\obj\stm32f4xx_rcc.o
 .debug_frame   0x00001248      0x23c ..\obj\timers.o
 .debug_frame   0x00001484      0x274 ..\obj\tm_stm32f4_usart.o
 .debug_frame   0x000016f8      0x5ec ..\obj\stm32f4xx_adc.o
 .debug_frame   0x00001ce4      0x780 ..\obj\tasks.o
 .debug_frame   0x00002464       0x38 ..\obj\ACSE_math.o
 .debug_frame   0x0000249c      0x23c ..\obj\stm32f4xx_gpio.o
 .debug_frame   0x000026d8       0xd8 ..\obj\list.o
 .debug_frame   0x000027b0       0x7c ..\obj\system_stm32f4xx.o
 .debug_frame   0x0000282c      0x19c ..\obj\port.o
 .debug_frame   0x000029c8      0x44c ..\obj\queue.o
 .debug_frame   0x00002e14      0x27c ..\obj\tm_stm32f4_pwm.o
 .debug_frame   0x00003090       0xd8 ..\obj\misc.o
 .debug_frame   0x00003168       0xa0 ..\obj\tm_stm32f4_timer_properties.o
 .debug_frame   0x00003208       0xc0 ..\obj\heap_2.o
 .debug_frame   0x000032c8      0xe54 ..\obj\stm32f4xx_tim.o
 .debug_frame   0x0000411c       0x28 c:/program files (x86)/gnu tools arm embedded/4.9 2014q4/bin/../lib/gcc/arm-none-eabi/4.9.3/armv7e-m/fpu\libgcc.a(_aeabi_uldivmod.o)
 .debug_frame   0x00004144       0x50 c:/program files (x86)/gnu tools arm embedded/4.9 2014q4/bin/../lib/gcc/arm-none-eabi/4.9.3/armv7e-m/fpu\libgcc.a(bpabi.o)
 .debug_frame   0x00004194       0x34 c:/program files (x86)/gnu tools arm embedded/4.9 2014q4/bin/../lib/gcc/arm-none-eabi/4.9.3/armv7e-m/fpu\libgcc.a(_divdi3.o)
 .debug_frame   0x000041c8       0x30 c:/program files (x86)/gnu tools arm embedded/4.9 2014q4/bin/../lib/gcc/arm-none-eabi/4.9.3/armv7e-m/fpu\libgcc.a(_udivdi3.o)
 .debug_frame   0x000041f8       0x34 c:/program files (x86)/gnu tools arm embedded/4.9 2014q4/bin/../lib/gcc/arm-none-eabi/4.9.3/../../../../arm-none-eabi/lib/armv7e-m/fpu\libc.a(lib_a-memset.o)
